Archive member included to satisfy reference by file (symbol)

/opt/st/stm32cubeide_1.10.1/plugins/com.st.stm32cube.ide.mcu.externaltools.gnu-tools-for-stm32.10.3-2021.10.linux64_1.0.0.202111181127/tools/bin/../lib/gcc/arm-none-eabi/10.3.1/../../../../arm-none-eabi/lib/thumb/v7e-m+fp/hard/libc_nano.a(lib_a-errno.o)
                              ./Core/Src/syscalls.o (__errno)
/opt/st/stm32cubeide_1.10.1/plugins/com.st.stm32cube.ide.mcu.externaltools.gnu-tools-for-stm32.10.3-2021.10.linux64_1.0.0.202111181127/tools/bin/../lib/gcc/arm-none-eabi/10.3.1/../../../../arm-none-eabi/lib/thumb/v7e-m+fp/hard/libc_nano.a(lib_a-exit.o)
                              /opt/st/stm32cubeide_1.10.1/plugins/com.st.stm32cube.ide.mcu.externaltools.gnu-tools-for-stm32.10.3-2021.10.linux64_1.0.0.202111181127/tools/bin/../lib/gcc/arm-none-eabi/10.3.1/../../../../arm-none-eabi/lib/thumb/v7e-m+fp/hard/crt0.o (exit)
/opt/st/stm32cubeide_1.10.1/plugins/com.st.stm32cube.ide.mcu.externaltools.gnu-tools-for-stm32.10.3-2021.10.linux64_1.0.0.202111181127/tools/bin/../lib/gcc/arm-none-eabi/10.3.1/../../../../arm-none-eabi/lib/thumb/v7e-m+fp/hard/libc_nano.a(lib_a-impure.o)
                              /opt/st/stm32cubeide_1.10.1/plugins/com.st.stm32cube.ide.mcu.externaltools.gnu-tools-for-stm32.10.3-2021.10.linux64_1.0.0.202111181127/tools/bin/../lib/gcc/arm-none-eabi/10.3.1/../../../../arm-none-eabi/lib/thumb/v7e-m+fp/hard/libc_nano.a(lib_a-exit.o) (_global_impure_ptr)
/opt/st/stm32cubeide_1.10.1/plugins/com.st.stm32cube.ide.mcu.externaltools.gnu-tools-for-stm32.10.3-2021.10.linux64_1.0.0.202111181127/tools/bin/../lib/gcc/arm-none-eabi/10.3.1/../../../../arm-none-eabi/lib/thumb/v7e-m+fp/hard/libc_nano.a(lib_a-init.o)
                              /opt/st/stm32cubeide_1.10.1/plugins/com.st.stm32cube.ide.mcu.externaltools.gnu-tools-for-stm32.10.3-2021.10.linux64_1.0.0.202111181127/tools/bin/../lib/gcc/arm-none-eabi/10.3.1/../../../../arm-none-eabi/lib/thumb/v7e-m+fp/hard/crt0.o (__libc_init_array)
/opt/st/stm32cubeide_1.10.1/plugins/com.st.stm32cube.ide.mcu.externaltools.gnu-tools-for-stm32.10.3-2021.10.linux64_1.0.0.202111181127/tools/bin/../lib/gcc/arm-none-eabi/10.3.1/../../../../arm-none-eabi/lib/thumb/v7e-m+fp/hard/libc_nano.a(lib_a-memcpy-stub.o)
                              ./Middlewares/FreeRTOS/cmsis_os2.o (memcpy)
/opt/st/stm32cubeide_1.10.1/plugins/com.st.stm32cube.ide.mcu.externaltools.gnu-tools-for-stm32.10.3-2021.10.linux64_1.0.0.202111181127/tools/bin/../lib/gcc/arm-none-eabi/10.3.1/../../../../arm-none-eabi/lib/thumb/v7e-m+fp/hard/libc_nano.a(lib_a-memset.o)
                              /opt/st/stm32cubeide_1.10.1/plugins/com.st.stm32cube.ide.mcu.externaltools.gnu-tools-for-stm32.10.3-2021.10.linux64_1.0.0.202111181127/tools/bin/../lib/gcc/arm-none-eabi/10.3.1/../../../../arm-none-eabi/lib/thumb/v7e-m+fp/hard/crt0.o (memset)
/opt/st/stm32cubeide_1.10.1/plugins/com.st.stm32cube.ide.mcu.externaltools.gnu-tools-for-stm32.10.3-2021.10.linux64_1.0.0.202111181127/tools/bin/../lib/gcc/arm-none-eabi/10.3.1/thumb/v7e-m+fp/hard/libgcc.a(_aeabi_uldivmod.o)
                              ./Drivers/STM32F4xx_HAL_Driver/stm32f4xx_hal_rcc.o (__aeabi_uldivmod)
/opt/st/stm32cubeide_1.10.1/plugins/com.st.stm32cube.ide.mcu.externaltools.gnu-tools-for-stm32.10.3-2021.10.linux64_1.0.0.202111181127/tools/bin/../lib/gcc/arm-none-eabi/10.3.1/thumb/v7e-m+fp/hard/libgcc.a(_udivmoddi4.o)
                              /opt/st/stm32cubeide_1.10.1/plugins/com.st.stm32cube.ide.mcu.externaltools.gnu-tools-for-stm32.10.3-2021.10.linux64_1.0.0.202111181127/tools/bin/../lib/gcc/arm-none-eabi/10.3.1/thumb/v7e-m+fp/hard/libgcc.a(_aeabi_uldivmod.o) (__udivmoddi4)
/opt/st/stm32cubeide_1.10.1/plugins/com.st.stm32cube.ide.mcu.externaltools.gnu-tools-for-stm32.10.3-2021.10.linux64_1.0.0.202111181127/tools/bin/../lib/gcc/arm-none-eabi/10.3.1/thumb/v7e-m+fp/hard/libgcc.a(_dvmd_tls.o)
                              /opt/st/stm32cubeide_1.10.1/plugins/com.st.stm32cube.ide.mcu.externaltools.gnu-tools-for-stm32.10.3-2021.10.linux64_1.0.0.202111181127/tools/bin/../lib/gcc/arm-none-eabi/10.3.1/thumb/v7e-m+fp/hard/libgcc.a(_aeabi_uldivmod.o) (__aeabi_ldiv0)

Discarded input sections

 .text          0x0000000000000000        0x0 /opt/st/stm32cubeide_1.10.1/plugins/com.st.stm32cube.ide.mcu.externaltools.gnu-tools-for-stm32.10.3-2021.10.linux64_1.0.0.202111181127/tools/bin/../lib/gcc/arm-none-eabi/10.3.1/thumb/v7e-m+fp/hard/crti.o
 .data          0x0000000000000000        0x0 /opt/st/stm32cubeide_1.10.1/plugins/com.st.stm32cube.ide.mcu.externaltools.gnu-tools-for-stm32.10.3-2021.10.linux64_1.0.0.202111181127/tools/bin/../lib/gcc/arm-none-eabi/10.3.1/thumb/v7e-m+fp/hard/crti.o
 .bss           0x0000000000000000        0x0 /opt/st/stm32cubeide_1.10.1/plugins/com.st.stm32cube.ide.mcu.externaltools.gnu-tools-for-stm32.10.3-2021.10.linux64_1.0.0.202111181127/tools/bin/../lib/gcc/arm-none-eabi/10.3.1/thumb/v7e-m+fp/hard/crti.o
[...]
Memory Configuration

Name             Origin             Length             Attributes
CCMRAM           0x0000000010000000 0x0000000000010000 xrw
RAM              0x0000000020000000 0x0000000000020000 xrw
FLASH            0x0000000008000000 0x0000000000100000 xr
*default*        0x0000000000000000 0xffffffffffffffff

Linker script and memory map

LOAD /opt/st/stm32cubeide_1.10.1/plugins/com.st.stm32cube.ide.mcu.externaltools.gnu-tools-for-stm32.10.3-2021.10.linux64_1.0.0.202111181127/tools/bin/../lib/gcc/arm-none-eabi/10.3.1/thumb/v7e-m+fp/hard/crti.o
LOAD /opt/st/stm32cubeide_1.10.1/plugins/com.st.stm32cube.ide.mcu.externaltools.gnu-tools-for-stm32.10.3-2021.10.linux64_1.0.0.202111181127/tools/bin/../lib/gcc/arm-none-eabi/10.3.1/thumb/v7e-m+fp/hard/crtbegin.o
LOAD /opt/st/stm32cubeide_1.10.1/plugins/com.st.stm32cube.ide.mcu.externaltools.gnu-tools-for-stm32.10.3-2021.10.linux64_1.0.0.202111181127/tools/bin/../lib/gcc/arm-none-eabi/10.3.1/../../../../arm-none-eabi/lib/thumb/v7e-m+fp/hard/crt0.o
LOAD ./Core/Src/freertos.o
LOAD ./Core/Src/gpio.o
LOAD ./Core/Src/main.o
LOAD ./Core/Src/stm32f4xx_hal_msp.o
LOAD ./Core/Src/stm32f4xx_hal_timebase_tim.o
LOAD ./Core/Src/stm32f4xx_it.o
LOAD ./Core/Src/syscalls.o
LOAD ./Core/Src/sysmem.o
LOAD ./Core/Src/system_stm32f4xx.o
LOAD ./Core/Startup/startup_stm32f407zgtx.o
LOAD ./Drivers/STM32F4xx_HAL_Driver/stm32f4xx_hal.o
LOAD ./Drivers/STM32F4xx_HAL_Driver/stm32f4xx_hal_cortex.o
LOAD ./Drivers/STM32F4xx_HAL_Driver/stm32f4xx_hal_dma.o
LOAD ./Drivers/STM32F4xx_HAL_Driver/stm32f4xx_hal_dma_ex.o
LOAD ./Drivers/STM32F4xx_HAL_Driver/stm32f4xx_hal_exti.o
LOAD ./Drivers/STM32F4xx_HAL_Driver/stm32f4xx_hal_flash.o
LOAD ./Drivers/STM32F4xx_HAL_Driver/stm32f4xx_hal_flash_ex.o
LOAD ./Drivers/STM32F4xx_HAL_Driver/stm32f4xx_hal_flash_ramfunc.o
LOAD ./Drivers/STM32F4xx_HAL_Driver/stm32f4xx_hal_gpio.o
LOAD ./Drivers/STM32F4xx_HAL_Driver/stm32f4xx_hal_pwr.o
LOAD ./Drivers/STM32F4xx_HAL_Driver/stm32f4xx_hal_pwr_ex.o
LOAD ./Drivers/STM32F4xx_HAL_Driver/stm32f4xx_hal_rcc.o
LOAD ./Drivers/STM32F4xx_HAL_Driver/stm32f4xx_hal_rcc_ex.o
LOAD ./Drivers/STM32F4xx_HAL_Driver/stm32f4xx_hal_tim.o
LOAD ./Drivers/STM32F4xx_HAL_Driver/stm32f4xx_hal_tim_ex.o
LOAD ./Middlewares/FreeRTOS/cmsis_os2.o
LOAD ./Middlewares/FreeRTOS/croutine.o
LOAD ./Middlewares/FreeRTOS/event_groups.o
LOAD ./Middlewares/FreeRTOS/heap_4.o
LOAD ./Middlewares/FreeRTOS/list.o
LOAD ./Middlewares/FreeRTOS/port.o
LOAD ./Middlewares/FreeRTOS/queue.o
LOAD ./Middlewares/FreeRTOS/stream_buffer.o
LOAD ./Middlewares/FreeRTOS/tasks.o
LOAD ./Middlewares/FreeRTOS/timers.o
START GROUP
LOAD /opt/st/stm32cubeide_1.10.1/plugins/com.st.stm32cube.ide.mcu.externaltools.gnu-tools-for-stm32.10.3-2021.10.linux64_1.0.0.202111181127/tools/bin/../lib/gcc/arm-none-eabi/10.3.1/../../../../arm-none-eabi/lib/thumb/v7e-m+fp/hard/libc_nano.a
LOAD /opt/st/stm32cubeide_1.10.1/plugins/com.st.stm32cube.ide.mcu.externaltools.gnu-tools-for-stm32.10.3-2021.10.linux64_1.0.0.202111181127/tools/bin/../lib/gcc/arm-none-eabi/10.3.1/../../../../arm-none-eabi/lib/thumb/v7e-m+fp/hard/libm.a
END GROUP
START GROUP
LOAD /opt/st/stm32cubeide_1.10.1/plugins/com.st.stm32cube.ide.mcu.externaltools.gnu-tools-for-stm32.10.3-2021.10.linux64_1.0.0.202111181127/tools/bin/../lib/gcc/arm-none-eabi/10.3.1/thumb/v7e-m+fp/hard/libgcc.a
LOAD /opt/st/stm32cubeide_1.10.1/plugins/com.st.stm32cube.ide.mcu.externaltools.gnu-tools-for-stm32.10.3-2021.10.linux64_1.0.0.202111181127/tools/bin/../lib/gcc/arm-none-eabi/10.3.1/../../../../arm-none-eabi/lib/thumb/v7e-m+fp/hard/libc_nano.a
END GROUP
START GROUP
LOAD /opt/st/stm32cubeide_1.10.1/plugins/com.st.stm32cube.ide.mcu.externaltools.gnu-tools-for-stm32.10.3-2021.10.linux64_1.0.0.202111181127/tools/bin/../lib/gcc/arm-none-eabi/10.3.1/thumb/v7e-m+fp/hard/libgcc.a
LOAD /opt/st/stm32cubeide_1.10.1/plugins/com.st.stm32cube.ide.mcu.externaltools.gnu-tools-for-stm32.10.3-2021.10.linux64_1.0.0.202111181127/tools/bin/../lib/gcc/arm-none-eabi/10.3.1/../../../../arm-none-eabi/lib/thumb/v7e-m+fp/hard/libc_nano.a
LOAD /opt/st/stm32cubeide_1.10.1/plugins/com.st.stm32cube.ide.mcu.externaltools.gnu-tools-for-stm32.10.3-2021.10.linux64_1.0.0.202111181127/tools/bin/../lib/gcc/arm-none-eabi/10.3.1/../../../../arm-none-eabi/lib/thumb/v7e-m+fp/hard/libnosys.a
END GROUP
START GROUP
LOAD /opt/st/stm32cubeide_1.10.1/plugins/com.st.stm32cube.ide.mcu.externaltools.gnu-tools-for-stm32.10.3-2021.10.linux64_1.0.0.202111181127/tools/bin/../lib/gcc/arm-none-eabi/10.3.1/thumb/v7e-m+fp/hard/libgcc.a
LOAD /opt/st/stm32cubeide_1.10.1/plugins/com.st.stm32cube.ide.mcu.externaltools.gnu-tools-for-stm32.10.3-2021.10.linux64_1.0.0.202111181127/tools/bin/../lib/gcc/arm-none-eabi/10.3.1/../../../../arm-none-eabi/lib/thumb/v7e-m+fp/hard/libc_nano.a
LOAD /opt/st/stm32cubeide_1.10.1/plugins/com.st.stm32cube.ide.mcu.externaltools.gnu-tools-for-stm32.10.3-2021.10.linux64_1.0.0.202111181127/tools/bin/../lib/gcc/arm-none-eabi/10.3.1/../../../../arm-none-eabi/lib/thumb/v7e-m+fp/hard/libnosys.a
END GROUP
LOAD /opt/st/stm32cubeide_1.10.1/plugins/com.st.stm32cube.ide.mcu.externaltools.gnu-tools-for-stm32.10.3-2021.10.linux64_1.0.0.202111181127/tools/bin/../lib/gcc/arm-none-eabi/10.3.1/thumb/v7e-m+fp/hard/crtend.o
LOAD /opt/st/stm32cubeide_1.10.1/plugins/com.st.stm32cube.ide.mcu.externaltools.gnu-tools-for-stm32.10.3-2021.10.linux64_1.0.0.202111181127/tools/bin/../lib/gcc/arm-none-eabi/10.3.1/thumb/v7e-m+fp/hard/crtn.o
                0x0000000020020000                _estack = (ORIGIN (RAM) + LENGTH (RAM))
                0x0000000000000200                _Min_Heap_Size = 0x200
                0x0000000000000400                _Min_Stack_Size = 0x400

.isr_vector     0x0000000008000000      0x188
                0x0000000008000000                . = ALIGN (0x4)
 *(.isr_vector)
 .isr_vector    0x0000000008000000      0x188 ./Core/Startup/startup_stm32f407zgtx.o
                0x0000000008000000                g_pfnVectors
                0x0000000008000188                . = ALIGN (0x4)

.text           0x0000000008000190     0x4814
                0x0000000008000190                . = ALIGN (0x4)
 *(.text)
 .text          0x0000000008000190       0x40 /opt/st/stm32cubeide_1.10.1/plugins/com.st.stm32cube.ide.mcu.externaltools.gnu-tools-for-stm32.10.3-2021.10.linux64_1.0.0.202111181127/tools/bin/../lib/gcc/arm-none-eabi/10.3.1/thumb/v7e-m+fp/hard/crtbegin.o
 .text          0x00000000080001d0       0x30 /opt/st/stm32cubeide_1.10.1/plugins/com.st.stm32cube.ide.mcu.externaltools.gnu-tools-for-stm32.10.3-2021.10.linux64_1.0.0.202111181127/tools/bin/../lib/gcc/arm-none-eabi/10.3.1/thumb/v7e-m+fp/hard/libgcc.a(_aeabi_uldivmod.o)
                0x00000000080001d0                __aeabi_uldivmod
 .text          0x0000000008000200      0x2d0 /opt/st/stm32cubeide_1.10.1/plugins/com.st.stm32cube.ide.mcu.externaltools.gnu-tools-for-stm32.10.3-2021.10.linux64_1.0.0.202111181127/tools/bin/../lib/gcc/arm-none-eabi/10.3.1/thumb/v7e-m+fp/hard/libgcc.a(_udivmoddi4.o)
                0x0000000008000200                __udivmoddi4
 .text          0x00000000080004d0        0x4 /opt/st/stm32cubeide_1.10.1/plugins/com.st.stm32cube.ide.mcu.externaltools.gnu-tools-for-stm32.10.3-2021.10.linux64_1.0.0.202111181127/tools/bin/../lib/gcc/arm-none-eabi/10.3.1/thumb/v7e-m+fp/hard/libgcc.a(_dvmd_tls.o)
                0x00000000080004d0                __aeabi_ldiv0
                0x00000000080004d0                __aeabi_idiv0
 *(.text*)
 .text.MX_FREERTOS_Init
                0x00000000080004d4       0x78 ./Core/Src/freertos.o
                0x00000000080004d4                MX_FREERTOS_Init
 .text.StartLED0A
                0x000000000800054c       0x20 ./Core/Src/freertos.o
                0x000000000800054c                StartLED0A
 .text.StartLED0B
                0x000000000800056c       0x20 ./Core/Src/freertos.o
                0x000000000800056c                StartLED0B
 .text.StartLED1A
                0x000000000800058c       0x20 ./Core/Src/freertos.o
                0x000000000800058c                StartLED1A
 .text.StartLED1B
                0x00000000080005ac       0x20 ./Core/Src/freertos.o
                0x00000000080005ac                StartLED1B
 .text.MX_GPIO_Init
                0x00000000080005cc       0xc0 ./Core/Src/gpio.o
                0x00000000080005cc                MX_GPIO_Init
 .text.main     0x000000000800068c       0x1e ./Core/Src/main.o
                0x000000000800068c                main
 *fill*         0x00000000080006aa        0x2 
 .text.SystemClock_Config
                0x00000000080006ac       0xd4 ./Core/Src/main.o
                0x00000000080006ac                SystemClock_Config
 .text.HAL_TIM_PeriodElapsedCallback
                0x0000000008000780       0x24 ./Core/Src/main.o
                0x0000000008000780                HAL_TIM_PeriodElapsedCallback
 .text.Error_Handler
                0x00000000080007a4        0xa ./Core/Src/main.o
                0x00000000080007a4                Error_Handler
 *fill*         0x00000000080007ae        0x2 
 .text.HAL_MspInit
                0x00000000080007b0       0x58 ./Core/Src/stm32f4xx_hal_msp.o
                0x00000000080007b0                HAL_MspInit
 .text.HAL_InitTick
                0x0000000008000808       0xf8 ./Core/Src/stm32f4xx_hal_timebase_tim.o
                0x0000000008000808                HAL_InitTick
 .text.NMI_Handler
                0x0000000008000900        0x6 ./Core/Src/stm32f4xx_it.o
                0x0000000008000900                NMI_Handler
 .text.HardFault_Handler
                0x0000000008000906        0x6 ./Core/Src/stm32f4xx_it.o
                0x0000000008000906                HardFault_Handler
 .text.MemManage_Handler
                0x000000000800090c        0x6 ./Core/Src/stm32f4xx_it.o
                0x000000000800090c                MemManage_Handler
 .text.BusFault_Handler
                0x0000000008000912        0x6 ./Core/Src/stm32f4xx_it.o
                0x0000000008000912                BusFault_Handler
 .text.UsageFault_Handler
                0x0000000008000918        0x6 ./Core/Src/stm32f4xx_it.o
                0x0000000008000918                UsageFault_Handler
 .text.DebugMon_Handler
                0x000000000800091e        0xe ./Core/Src/stm32f4xx_it.o
                0x000000000800091e                DebugMon_Handler
 .text.TIM8_TRG_COM_TIM14_IRQHandler
                0x000000000800092c       0x14 ./Core/Src/stm32f4xx_it.o
                0x000000000800092c                TIM8_TRG_COM_TIM14_IRQHandler
 .text.SystemInit
                0x0000000008000940       0x24 ./Core/Src/system_stm32f4xx.o
                0x0000000008000940                SystemInit
 .text.Reset_Handler
                0x0000000008000964       0x50 ./Core/Startup/startup_stm32f407zgtx.o
                0x0000000008000964                Reset_Handler
 .text.Default_Handler
                0x00000000080009b4        0x2 ./Core/Startup/startup_stm32f407zgtx.o
                0x00000000080009b4                RTC_Alarm_IRQHandler
                0x00000000080009b4                HASH_RNG_IRQHandler
                0x00000000080009b4                EXTI2_IRQHandler
                0x00000000080009b4                TIM8_CC_IRQHandler
                0x00000000080009b4                TIM1_CC_IRQHandler
                0x00000000080009b4                DMA2_Stream5_IRQHandler
                0x00000000080009b4                DMA1_Stream5_IRQHandler
                0x00000000080009b4                PVD_IRQHandler
                0x00000000080009b4                SDIO_IRQHandler
                0x00000000080009b4                TAMP_STAMP_IRQHandler
                0x00000000080009b4                CAN2_RX1_IRQHandler
                0x00000000080009b4                EXTI3_IRQHandler
                0x00000000080009b4                TIM1_UP_TIM10_IRQHandler
                0x00000000080009b4                TIM8_UP_TIM13_IRQHandler
                0x00000000080009b4                I2C3_ER_IRQHandler
                0x00000000080009b4                EXTI0_IRQHandler
                0x00000000080009b4                I2C2_EV_IRQHandler
                0x00000000080009b4                DMA1_Stream2_IRQHandler
                0x00000000080009b4                CAN1_RX0_IRQHandler
                0x00000000080009b4                FPU_IRQHandler
                0x00000000080009b4                OTG_HS_WKUP_IRQHandler
                0x00000000080009b4                CAN2_SCE_IRQHandler
                0x00000000080009b4                DMA2_Stream2_IRQHandler
                0x00000000080009b4                SPI1_IRQHandler
                0x00000000080009b4                TIM6_DAC_IRQHandler
                0x00000000080009b4                TIM1_BRK_TIM9_IRQHandler
                0x00000000080009b4                DCMI_IRQHandler
                0x00000000080009b4                CAN2_RX0_IRQHandler
                0x00000000080009b4                DMA2_Stream3_IRQHandler
                0x00000000080009b4                USART6_IRQHandler
                0x00000000080009b4                USART3_IRQHandler
                0x00000000080009b4                CAN1_RX1_IRQHandler
                0x00000000080009b4                UART5_IRQHandler
                0x00000000080009b4                DMA2_Stream0_IRQHandler
                0x00000000080009b4                TIM4_IRQHandler
                0x00000000080009b4                I2C1_EV_IRQHandler
                0x00000000080009b4                DMA1_Stream6_IRQHandler
                0x00000000080009b4                DMA1_Stream1_IRQHandler
                0x00000000080009b4                UART4_IRQHandler
                0x00000000080009b4                TIM3_IRQHandler
                0x00000000080009b4                RCC_IRQHandler
                0x00000000080009b4                TIM8_BRK_TIM12_IRQHandler
                0x00000000080009b4                Default_Handler
                0x00000000080009b4                EXTI15_10_IRQHandler
                0x00000000080009b4                ADC_IRQHandler
                0x00000000080009b4                DMA1_Stream7_IRQHandler
                0x00000000080009b4                TIM7_IRQHandler
                0x00000000080009b4                CAN2_TX_IRQHandler
                0x00000000080009b4                TIM5_IRQHandler
                0x00000000080009b4                DMA2_Stream7_IRQHandler
                0x00000000080009b4                I2C3_EV_IRQHandler
                0x00000000080009b4                EXTI9_5_IRQHandler
                0x00000000080009b4                RTC_WKUP_IRQHandler
                0x00000000080009b4                ETH_WKUP_IRQHandler
                0x00000000080009b4                SPI2_IRQHandler
                0x00000000080009b4                OTG_HS_EP1_IN_IRQHandler
                0x00000000080009b4                DMA1_Stream0_IRQHandler
                0x00000000080009b4                CAN1_TX_IRQHandler
                0x00000000080009b4                EXTI4_IRQHandler
                0x00000000080009b4                FSMC_IRQHandler
                0x00000000080009b4                ETH_IRQHandler
                0x00000000080009b4                OTG_HS_EP1_OUT_IRQHandler
                0x00000000080009b4                WWDG_IRQHandler
                0x00000000080009b4                TIM2_IRQHandler
                0x00000000080009b4                OTG_FS_WKUP_IRQHandler
                0x00000000080009b4                TIM1_TRG_COM_TIM11_IRQHandler
                0x00000000080009b4                OTG_HS_IRQHandler
                0x00000000080009b4                EXTI1_IRQHandler
                0x00000000080009b4                USART2_IRQHandler
                0x00000000080009b4                I2C2_ER_IRQHandler
                0x00000000080009b4                DMA2_Stream1_IRQHandler
                0x00000000080009b4                CAN1_SCE_IRQHandler
                0x00000000080009b4                FLASH_IRQHandler
                0x00000000080009b4                DMA2_Stream4_IRQHandler
                0x00000000080009b4                USART1_IRQHandler
                0x00000000080009b4                OTG_FS_IRQHandler
                0x00000000080009b4                SPI3_IRQHandler
                0x00000000080009b4                DMA1_Stream4_IRQHandler
                0x00000000080009b4                I2C1_ER_IRQHandler
                0x00000000080009b4                DMA2_Stream6_IRQHandler
                0x00000000080009b4                DMA1_Stream3_IRQHandler
 *fill*         0x00000000080009b6        0x2 
 .text.HAL_Init
                0x00000000080009b8       0x44 ./Drivers/STM32F4xx_HAL_Driver/stm32f4xx_hal.o
                0x00000000080009b8                HAL_Init
 .text.HAL_IncTick
                0x00000000080009fc       0x28 ./Drivers/STM32F4xx_HAL_Driver/stm32f4xx_hal.o
                0x00000000080009fc                HAL_IncTick
 .text.HAL_GetTick
                0x0000000008000a24       0x18 ./Drivers/STM32F4xx_HAL_Driver/stm32f4xx_hal.o
                0x0000000008000a24                HAL_GetTick
 .text.__NVIC_SetPriorityGrouping
                0x0000000008000a3c       0x48 ./Drivers/STM32F4xx_HAL_Driver/stm32f4xx_hal_cortex.o
 .text.__NVIC_GetPriorityGrouping
                0x0000000008000a84       0x1c ./Drivers/STM32F4xx_HAL_Driver/stm32f4xx_hal_cortex.o
 .text.__NVIC_EnableIRQ
                0x0000000008000aa0       0x3c ./Drivers/STM32F4xx_HAL_Driver/stm32f4xx_hal_cortex.o
 .text.__NVIC_SetPriority
                0x0000000008000adc       0x54 ./Drivers/STM32F4xx_HAL_Driver/stm32f4xx_hal_cortex.o
 .text.NVIC_EncodePriority
                0x0000000008000b30       0x66 ./Drivers/STM32F4xx_HAL_Driver/stm32f4xx_hal_cortex.o
 .text.HAL_NVIC_SetPriorityGrouping
                0x0000000008000b96       0x16 ./Drivers/STM32F4xx_HAL_Driver/stm32f4xx_hal_cortex.o
                0x0000000008000b96                HAL_NVIC_SetPriorityGrouping
 .text.HAL_NVIC_SetPriority
                0x0000000008000bac       0x38 ./Drivers/STM32F4xx_HAL_Driver/stm32f4xx_hal_cortex.o
                0x0000000008000bac                HAL_NVIC_SetPriority
 .text.HAL_NVIC_EnableIRQ
                0x0000000008000be4       0x1c ./Drivers/STM32F4xx_HAL_Driver/stm32f4xx_hal_cortex.o
                0x0000000008000be4                HAL_NVIC_EnableIRQ
 .text.HAL_GPIO_Init
                0x0000000008000c00      0x338 ./Drivers/STM32F4xx_HAL_Driver/stm32f4xx_hal_gpio.o
                0x0000000008000c00                HAL_GPIO_Init
 .text.HAL_GPIO_WritePin
                0x0000000008000f38       0x32 ./Drivers/STM32F4xx_HAL_Driver/stm32f4xx_hal_gpio.o
                0x0000000008000f38                HAL_GPIO_WritePin
 .text.HAL_GPIO_TogglePin
                0x0000000008000f6a       0x34 ./Drivers/STM32F4xx_HAL_Driver/stm32f4xx_hal_gpio.o
                0x0000000008000f6a                HAL_GPIO_TogglePin
 *fill*         0x0000000008000f9e        0x2 
 .text.HAL_RCC_OscConfig
                0x0000000008000fa0      0x4f0 ./Drivers/STM32F4xx_HAL_Driver/stm32f4xx_hal_rcc.o
                0x0000000008000fa0                HAL_RCC_OscConfig
 .text.HAL_RCC_ClockConfig
                0x0000000008001490      0x1cc ./Drivers/STM32F4xx_HAL_Driver/stm32f4xx_hal_rcc.o
                0x0000000008001490                HAL_RCC_ClockConfig
 .text.HAL_RCC_GetSysClockFreq
                0x000000000800165c      0x18c ./Drivers/STM32F4xx_HAL_Driver/stm32f4xx_hal_rcc.o
                0x000000000800165c                HAL_RCC_GetSysClockFreq
 .text.HAL_RCC_GetHCLKFreq
                0x00000000080017e8       0x18 ./Drivers/STM32F4xx_HAL_Driver/stm32f4xx_hal_rcc.o
                0x00000000080017e8                HAL_RCC_GetHCLKFreq
 .text.HAL_RCC_GetPCLK1Freq
                0x0000000008001800       0x28 ./Drivers/STM32F4xx_HAL_Driver/stm32f4xx_hal_rcc.o
                0x0000000008001800                HAL_RCC_GetPCLK1Freq
 .text.HAL_RCC_GetClockConfig
                0x0000000008001828       0x64 ./Drivers/STM32F4xx_HAL_Driver/stm32f4xx_hal_rcc.o
                0x0000000008001828                HAL_RCC_GetClockConfig
 .text.HAL_TIM_Base_Init
                0x000000000800188c       0x9e ./Drivers/STM32F4xx_HAL_Driver/stm32f4xx_hal_tim.o
                0x000000000800188c                HAL_TIM_Base_Init
 .text.HAL_TIM_Base_MspInit
                0x000000000800192a       0x14 ./Drivers/STM32F4xx_HAL_Driver/stm32f4xx_hal_tim.o
                0x000000000800192a                HAL_TIM_Base_MspInit
 *fill*         0x000000000800193e        0x2 
 .text.HAL_TIM_Base_Start_IT
                0x0000000008001940       0xe0 ./Drivers/STM32F4xx_HAL_Driver/stm32f4xx_hal_tim.o
                0x0000000008001940                HAL_TIM_Base_Start_IT
 .text.HAL_TIM_IRQHandler
                0x0000000008001a20      0x210 ./Drivers/STM32F4xx_HAL_Driver/stm32f4xx_hal_tim.o
                0x0000000008001a20                HAL_TIM_IRQHandler
 .text.HAL_TIM_OC_DelayElapsedCallback
                0x0000000008001c30       0x14 ./Drivers/STM32F4xx_HAL_Driver/stm32f4xx_hal_tim.o
                0x0000000008001c30                HAL_TIM_OC_DelayElapsedCallback
 .text.HAL_TIM_IC_CaptureCallback
                0x0000000008001c44       0x14 ./Drivers/STM32F4xx_HAL_Driver/stm32f4xx_hal_tim.o
                0x0000000008001c44                HAL_TIM_IC_CaptureCallback
 .text.HAL_TIM_PWM_PulseFinishedCallback
                0x0000000008001c58       0x14 ./Drivers/STM32F4xx_HAL_Driver/stm32f4xx_hal_tim.o
                0x0000000008001c58                HAL_TIM_PWM_PulseFinishedCallback
 .text.HAL_TIM_TriggerCallback
                0x0000000008001c6c       0x14 ./Drivers/STM32F4xx_HAL_Driver/stm32f4xx_hal_tim.o
                0x0000000008001c6c                HAL_TIM_TriggerCallback
 .text.TIM_Base_SetConfig
                0x0000000008001c80      0x140 ./Drivers/STM32F4xx_HAL_Driver/stm32f4xx_hal_tim.o
                0x0000000008001c80                TIM_Base_SetConfig
 .text.HAL_TIMEx_CommutCallback
                0x0000000008001dc0       0x14 ./Drivers/STM32F4xx_HAL_Driver/stm32f4xx_hal_tim_ex.o
                0x0000000008001dc0                HAL_TIMEx_CommutCallback
 .text.HAL_TIMEx_BreakCallback
                0x0000000008001dd4       0x14 ./Drivers/STM32F4xx_HAL_Driver/stm32f4xx_hal_tim_ex.o
                0x0000000008001dd4                HAL_TIMEx_BreakCallback
 .text.__NVIC_SetPriority
                0x0000000008001de8       0x54 ./Middlewares/FreeRTOS/cmsis_os2.o
 .text.SysTick_Handler
                0x0000000008001e3c       0x20 ./Middlewares/FreeRTOS/cmsis_os2.o
                0x0000000008001e3c                SysTick_Handler
 .text.SVC_Setup
                0x0000000008001e5c       0x12 ./Middlewares/FreeRTOS/cmsis_os2.o
 *fill*         0x0000000008001e6e        0x2 
 .text.osKernelInitialize
                0x0000000008001e70       0x48 ./Middlewares/FreeRTOS/cmsis_os2.o
                0x0000000008001e70                osKernelInitialize
 .text.osKernelStart
                0x0000000008001eb8       0x4c ./Middlewares/FreeRTOS/cmsis_os2.o
                0x0000000008001eb8                osKernelStart
 .text.osThreadNew
                0x0000000008001f04      0x124 ./Middlewares/FreeRTOS/cmsis_os2.o
                0x0000000008001f04                osThreadNew
 .text.osDelay  0x0000000008002028       0x36 ./Middlewares/FreeRTOS/cmsis_os2.o
                0x0000000008002028                osDelay
 *fill*         0x000000000800205e        0x2 
 .text.vApplicationGetIdleTaskMemory
                0x0000000008002060       0x34 ./Middlewares/FreeRTOS/cmsis_os2.o
                0x0000000008002060                vApplicationGetIdleTaskMemory
 .text.vApplicationGetTimerTaskMemory
                0x0000000008002094       0x34 ./Middlewares/FreeRTOS/cmsis_os2.o
                0x0000000008002094                vApplicationGetTimerTaskMemory
 .text.pvPortMalloc
                0x00000000080020c8      0x198 ./Middlewares/FreeRTOS/heap_4.o
                0x00000000080020c8                pvPortMalloc
 .text.vPortFree
                0x0000000008002260       0xc4 ./Middlewares/FreeRTOS/heap_4.o
                0x0000000008002260                vPortFree
 .text.prvHeapInit
                0x0000000008002324       0xc4 ./Middlewares/FreeRTOS/heap_4.o
 .text.prvInsertBlockIntoFreeList
                0x00000000080023e8       0xb4 ./Middlewares/FreeRTOS/heap_4.o
 .text.vListInitialise
                0x000000000800249c       0x40 ./Middlewares/FreeRTOS/list.o
                0x000000000800249c                vListInitialise
 .text.vListInitialiseItem
                0x00000000080024dc       0x1a ./Middlewares/FreeRTOS/list.o
                0x00000000080024dc                vListInitialiseItem
 .text.vListInsertEnd
                0x00000000080024f6       0x48 ./Middlewares/FreeRTOS/list.o
                0x00000000080024f6                vListInsertEnd
 .text.vListInsert
                0x000000000800253e       0x72 ./Middlewares/FreeRTOS/list.o
                0x000000000800253e                vListInsert
 .text.uxListRemove
                0x00000000080025b0       0x54 ./Middlewares/FreeRTOS/list.o
                0x00000000080025b0                uxListRemove
 .text.pxPortInitialiseStack
                0x0000000008002604       0x68 ./Middlewares/FreeRTOS/port.o
                0x0000000008002604                pxPortInitialiseStack
 .text.prvTaskExitError
                0x000000000800266c       0x58 ./Middlewares/FreeRTOS/port.o
 *fill*         0x00000000080026c4        0xc 
 .text.SVC_Handler
                0x00000000080026d0       0x28 ./Middlewares/FreeRTOS/port.o
                0x00000000080026d0                SVC_Handler
 .text.prvPortStartFirstTask
                0x00000000080026f8       0x28 ./Middlewares/FreeRTOS/port.o
 .text.xPortStartScheduler
                0x0000000008002720      0x144 ./Middlewares/FreeRTOS/port.o
                0x0000000008002720                xPortStartScheduler
 .text.vPortEnterCritical
                0x0000000008002864       0x60 ./Middlewares/FreeRTOS/port.o
                0x0000000008002864                vPortEnterCritical
 .text.vPortExitCritical
                0x00000000080028c4       0x54 ./Middlewares/FreeRTOS/port.o
                0x00000000080028c4                vPortExitCritical
 *fill*         0x0000000008002918        0x8 
 .text.PendSV_Handler
                0x0000000008002920       0x68 ./Middlewares/FreeRTOS/port.o
                0x0000000008002920                PendSV_Handler
 .text.xPortSysTickHandler
                0x0000000008002988       0x44 ./Middlewares/FreeRTOS/port.o
                0x0000000008002988                xPortSysTickHandler
 .text.vPortSetupTimerInterrupt
                0x00000000080029cc       0x48 ./Middlewares/FreeRTOS/port.o
                0x00000000080029cc                vPortSetupTimerInterrupt
 .text.vPortEnableVFP
                0x0000000008002a14       0x14 ./Middlewares/FreeRTOS/port.o
 .text.vPortValidateInterruptPriority
                0x0000000008002a28       0x80 ./Middlewares/FreeRTOS/port.o
                0x0000000008002a28                vPortValidateInterruptPriority
 .text.xQueueGenericReset
                0x0000000008002aa8       0xd0 ./Middlewares/FreeRTOS/queue.o
                0x0000000008002aa8                xQueueGenericReset
 .text.xQueueGenericCreateStatic
                0x0000000008002b78       0xf0 ./Middlewares/FreeRTOS/queue.o
                0x0000000008002b78                xQueueGenericCreateStatic
 .text.prvInitialiseNewQueue
                0x0000000008002c68       0x46 ./Middlewares/FreeRTOS/queue.o
 *fill*         0x0000000008002cae        0x2 
 .text.xQueueGenericSend
                0x0000000008002cb0      0x1fc ./Middlewares/FreeRTOS/queue.o
                0x0000000008002cb0                xQueueGenericSend
 .text.xQueueGenericSendFromISR
                0x0000000008002eac      0x136 ./Middlewares/FreeRTOS/queue.o
                0x0000000008002eac                xQueueGenericSendFromISR
 *fill*         0x0000000008002fe2        0x2 
 .text.xQueueReceive
                0x0000000008002fe4      0x1c0 ./Middlewares/FreeRTOS/queue.o
                0x0000000008002fe4                xQueueReceive
 .text.prvCopyDataToQueue
                0x00000000080031a4       0xd4 ./Middlewares/FreeRTOS/queue.o
 .text.prvCopyDataFromQueue
                0x0000000008003278       0x4c ./Middlewares/FreeRTOS/queue.o
 .text.prvUnlockQueue
                0x00000000080032c4       0xa4 ./Middlewares/FreeRTOS/queue.o
 .text.prvIsQueueEmpty
                0x0000000008003368       0x2c ./Middlewares/FreeRTOS/queue.o
 .text.prvIsQueueFull
                0x0000000008003394       0x30 ./Middlewares/FreeRTOS/queue.o
 .text.vQueueAddToRegistry
                0x00000000080033c4       0x54 ./Middlewares/FreeRTOS/queue.o
                0x00000000080033c4                vQueueAddToRegistry
 .text.vQueueWaitForMessageRestricted
                0x0000000008003418       0x68 ./Middlewares/FreeRTOS/queue.o
                0x0000000008003418                vQueueWaitForMessageRestricted
 .text.xTaskCreateStatic
                0x0000000008003480       0xba ./Middlewares/FreeRTOS/tasks.o
                0x0000000008003480                xTaskCreateStatic
 .text.xTaskCreate
                0x000000000800353a       0x8a ./Middlewares/FreeRTOS/tasks.o
                0x000000000800353a                xTaskCreate
 .text.prvInitialiseNewTask
                0x00000000080035c4      0x11e ./Middlewares/FreeRTOS/tasks.o
 *fill*         0x00000000080036e2        0x2 
 .text.prvAddNewTaskToReadyList
                0x00000000080036e4       0xe0 ./Middlewares/FreeRTOS/tasks.o
 .text.vTaskDelay
                0x00000000080037c4       0x68 ./Middlewares/FreeRTOS/tasks.o
                0x00000000080037c4                vTaskDelay
 .text.vTaskStartScheduler
                0x000000000800382c       0xcc ./Middlewares/FreeRTOS/tasks.o
                0x000000000800382c                vTaskStartScheduler
 .text.vTaskSuspendAll
                0x00000000080038f8       0x1c ./Middlewares/FreeRTOS/tasks.o
                0x00000000080038f8                vTaskSuspendAll
 .text.xTaskResumeAll
                0x0000000008003914      0x13c ./Middlewares/FreeRTOS/tasks.o
                0x0000000008003914                xTaskResumeAll
 .text.xTaskGetTickCount
                0x0000000008003a50       0x20 ./Middlewares/FreeRTOS/tasks.o
                0x0000000008003a50                xTaskGetTickCount
 .text.xTaskIncrementTick
                0x0000000008003a70      0x174 ./Middlewares/FreeRTOS/tasks.o
                0x0000000008003a70                xTaskIncrementTick
 .text.vTaskSwitchContext
                0x0000000008003be4       0xbc ./Middlewares/FreeRTOS/tasks.o
                0x0000000008003be4                vTaskSwitchContext
 .text.vTaskPlaceOnEventList
                0x0000000008003ca0       0x48 ./Middlewares/FreeRTOS/tasks.o
                0x0000000008003ca0                vTaskPlaceOnEventList
 .text.vTaskPlaceOnEventListRestricted
                0x0000000008003ce8       0x58 ./Middlewares/FreeRTOS/tasks.o
                0x0000000008003ce8                vTaskPlaceOnEventListRestricted
 .text.xTaskRemoveFromEventList
                0x0000000008003d40       0xc8 ./Middlewares/FreeRTOS/tasks.o
                0x0000000008003d40                xTaskRemoveFromEventList
 .text.vTaskInternalSetTimeOutState
                0x0000000008003e08       0x2c ./Middlewares/FreeRTOS/tasks.o
                0x0000000008003e08                vTaskInternalSetTimeOutState
 .text.xTaskCheckForTimeOut
                0x0000000008003e34       0xc4 ./Middlewares/FreeRTOS/tasks.o
                0x0000000008003e34                xTaskCheckForTimeOut
 .text.vTaskMissedYield
                0x0000000008003ef8       0x18 ./Middlewares/FreeRTOS/tasks.o
                0x0000000008003ef8                vTaskMissedYield
 .text.prvIdleTask
                0x0000000008003f10       0x30 ./Middlewares/FreeRTOS/tasks.o
 .text.prvInitialiseTaskLists
                0x0000000008003f40       0x80 ./Middlewares/FreeRTOS/tasks.o
 .text.prvCheckTasksWaitingTermination
                0x0000000008003fc0       0x5c ./Middlewares/FreeRTOS/tasks.o
 .text.prvDeleteTCB
                0x000000000800401c       0x5e ./Middlewares/FreeRTOS/tasks.o
 *fill*         0x000000000800407a        0x2 
 .text.prvResetNextTaskUnblockTime
                0x000000000800407c       0x40 ./Middlewares/FreeRTOS/tasks.o
 .text.xTaskGetSchedulerState
                0x00000000080040bc       0x3c ./Middlewares/FreeRTOS/tasks.o
                0x00000000080040bc                xTaskGetSchedulerState
 .text.xTaskPriorityDisinherit
                0x00000000080040f8       0xdc ./Middlewares/FreeRTOS/tasks.o
                0x00000000080040f8                xTaskPriorityDisinherit
 .text.prvAddCurrentTaskToDelayedList
                0x00000000080041d4       0xa8 ./Middlewares/FreeRTOS/tasks.o
 .text.xTimerCreateTimerTask
                0x000000000800427c       0x90 ./Middlewares/FreeRTOS/timers.o
                0x000000000800427c                xTimerCreateTimerTask
 .text.xTimerGenericCommand
                0x000000000800430c       0x9c ./Middlewares/FreeRTOS/timers.o
                0x000000000800430c                xTimerGenericCommand
 .text.prvProcessExpiredTimer
                0x00000000080043a8       0x98 ./Middlewares/FreeRTOS/timers.o
 .text.prvTimerTask
                0x0000000008004440       0x24 ./Middlewares/FreeRTOS/timers.o
 .text.prvProcessTimerOrBlockTask
                0x0000000008004464       0x9c ./Middlewares/FreeRTOS/timers.o
 .text.prvGetNextExpireTime
                0x0000000008004500       0x48 ./Middlewares/FreeRTOS/timers.o
 .text.prvSampleTimeNow
                0x0000000008004548       0x40 ./Middlewares/FreeRTOS/timers.o
 .text.prvInsertTimerInActiveList
                0x0000000008004588       0x84 ./Middlewares/FreeRTOS/timers.o
 .text.prvProcessReceivedCommands
                0x000000000800460c      0x1c4 ./Middlewares/FreeRTOS/timers.o
 .text.prvSwitchTimerLists
                0x00000000080047d0       0xc8 ./Middlewares/FreeRTOS/timers.o
 .text.prvCheckForValidListAndQueue
                0x0000000008004898       0x80 ./Middlewares/FreeRTOS/timers.o
 .text.__libc_init_array
                0x0000000008004918       0x48 /opt/st/stm32cubeide_1.10.1/plugins/com.st.stm32cube.ide.mcu.externaltools.gnu-tools-for-stm32.10.3-2021.10.linux64_1.0.0.202111181127/tools/bin/../lib/gcc/arm-none-eabi/10.3.1/../../../../arm-none-eabi/lib/thumb/v7e-m+fp/hard/libc_nano.a(lib_a-init.o)
                0x0000000008004918                __libc_init_array
 .text.memcpy   0x0000000008004960       0x1c /opt/st/stm32cubeide_1.10.1/plugins/com.st.stm32cube.ide.mcu.externaltools.gnu-tools-for-stm32.10.3-2021.10.linux64_1.0.0.202111181127/tools/bin/../lib/gcc/arm-none-eabi/10.3.1/../../../../arm-none-eabi/lib/thumb/v7e-m+fp/hard/libc_nano.a(lib_a-memcpy-stub.o)
                0x0000000008004960                memcpy
 .text.memset   0x000000000800497c       0x10 /opt/st/stm32cubeide_1.10.1/plugins/com.st.stm32cube.ide.mcu.externaltools.gnu-tools-for-stm32.10.3-2021.10.linux64_1.0.0.202111181127/tools/bin/../lib/gcc/arm-none-eabi/10.3.1/../../../../arm-none-eabi/lib/thumb/v7e-m+fp/hard/libc_nano.a(lib_a-memset.o)
                0x000000000800497c                memset
 *(.glue_7)
 .glue_7        0x000000000800498c        0x0 linker stubs
 *(.glue_7t)
 .glue_7t       0x000000000800498c        0x0 linker stubs
 *(.eh_frame)
 .eh_frame      0x000000000800498c        0x0 /opt/st/stm32cubeide_1.10.1/plugins/com.st.stm32cube.ide.mcu.externaltools.gnu-tools-for-stm32.10.3-2021.10.linux64_1.0.0.202111181127/tools/bin/../lib/gcc/arm-none-eabi/10.3.1/thumb/v7e-m+fp/hard/crtbegin.o
 *(.init)
 .init          0x000000000800498c        0x4 /opt/st/stm32cubeide_1.10.1/plugins/com.st.stm32cube.ide.mcu.externaltools.gnu-tools-for-stm32.10.3-2021.10.linux64_1.0.0.202111181127/tools/bin/../lib/gcc/arm-none-eabi/10.3.1/thumb/v7e-m+fp/hard/crti.o
                0x000000000800498c                _init
 .init          0x0000000008004990        0x8 /opt/st/stm32cubeide_1.10.1/plugins/com.st.stm32cube.ide.mcu.externaltools.gnu-tools-for-stm32.10.3-2021.10.linux64_1.0.0.202111181127/tools/bin/../lib/gcc/arm-none-eabi/10.3.1/thumb/v7e-m+fp/hard/crtn.o
 *(.fini)
 .fini          0x0000000008004998        0x4 /opt/st/stm32cubeide_1.10.1/plugins/com.st.stm32cube.ide.mcu.externaltools.gnu-tools-for-stm32.10.3-2021.10.linux64_1.0.0.202111181127/tools/bin/../lib/gcc/arm-none-eabi/10.3.1/thumb/v7e-m+fp/hard/crti.o
                0x0000000008004998                _fini
 .fini          0x000000000800499c        0x8 /opt/st/stm32cubeide_1.10.1/plugins/com.st.stm32cube.ide.mcu.externaltools.gnu-tools-for-stm32.10.3-2021.10.linux64_1.0.0.202111181127/tools/bin/../lib/gcc/arm-none-eabi/10.3.1/thumb/v7e-m+fp/hard/crtn.o
                0x00000000080049a4                . = ALIGN (0x4)
                0x00000000080049a4                _etext = .

.vfp11_veneer   0x00000000080049a4        0x0
 .vfp11_veneer  0x00000000080049a4        0x0 linker stubs

.v4_bx          0x00000000080049a4        0x0
 .v4_bx         0x00000000080049a4        0x0 linker stubs

.iplt           0x00000000080049a4        0x0
 .iplt          0x00000000080049a4        0x0 /opt/st/stm32cubeide_1.10.1/plugins/com.st.stm32cube.ide.mcu.externaltools.gnu-tools-for-stm32.10.3-2021.10.linux64_1.0.0.202111181127/tools/bin/../lib/gcc/arm-none-eabi/10.3.1/thumb/v7e-m+fp/hard/crtbegin.o

.rodata         0x00000000080049a4       0xe0
                0x00000000080049a4                . = ALIGN (0x4)
 *(.rodata)
 .rodata        0x00000000080049a4       0x1e ./Core/Src/freertos.o
 *fill*         0x00000000080049c2        0x2 
 .rodata        0x00000000080049c4        0x5 ./Middlewares/FreeRTOS/tasks.o
 *fill*         0x00000000080049c9        0x3 
 .rodata        0x00000000080049cc        0xd ./Middlewares/FreeRTOS/timers.o
 *(.rodata*)
 *fill*         0x00000000080049d9        0x3 
 .rodata.LED0A_attributes
                0x00000000080049dc       0x24 ./Core/Src/freertos.o
                0x00000000080049dc                LED0A_attributes
 .rodata.LED0B_attributes
                0x0000000008004a00       0x24 ./Core/Src/freertos.o
                0x0000000008004a00                LED0B_attributes
 .rodata.LED1A_attributes
                0x0000000008004a24       0x24 ./Core/Src/freertos.o
                0x0000000008004a24                LED1A_attributes
 .rodata.LED1B_attributes
                0x0000000008004a48       0x24 ./Core/Src/freertos.o
                0x0000000008004a48                LED1B_attributes
 .rodata.AHBPrescTable
                0x0000000008004a6c       0x10 ./Core/Src/system_stm32f4xx.o
                0x0000000008004a6c                AHBPrescTable
 .rodata.APBPrescTable
                0x0000000008004a7c        0x8 ./Core/Src/system_stm32f4xx.o
                0x0000000008004a7c                APBPrescTable
                0x0000000008004a84                . = ALIGN (0x4)

.ARM.extab      0x0000000008004a84        0x0
                0x0000000008004a84                . = ALIGN (0x4)
 *(.ARM.extab* .gnu.linkonce.armextab.*)
                0x0000000008004a84                . = ALIGN (0x4)

.ARM            0x0000000008004a84        0x8
                0x0000000008004a84                . = ALIGN (0x4)
                0x0000000008004a84                __exidx_start = .
 *(.ARM.exidx*)
 .ARM.exidx     0x0000000008004a84        0x8 /opt/st/stm32cubeide_1.10.1/plugins/com.st.stm32cube.ide.mcu.externaltools.gnu-tools-for-stm32.10.3-2021.10.linux64_1.0.0.202111181127/tools/bin/../lib/gcc/arm-none-eabi/10.3.1/thumb/v7e-m+fp/hard/libgcc.a(_udivmoddi4.o)
                0x0000000008004a8c                __exidx_end = .
                0x0000000008004a8c                . = ALIGN (0x4)

.rel.dyn        0x0000000008004a8c        0x0
 .rel.iplt      0x0000000008004a8c        0x0 /opt/st/stm32cubeide_1.10.1/plugins/com.st.stm32cube.ide.mcu.externaltools.gnu-tools-for-stm32.10.3-2021.10.linux64_1.0.0.202111181127/tools/bin/../lib/gcc/arm-none-eabi/10.3.1/thumb/v7e-m+fp/hard/crtbegin.o

.preinit_array  0x0000000008004a8c        0x0
                0x0000000008004a8c                . = ALIGN (0x4)
                0x0000000008004a8c                PROVIDE (__preinit_array_start = .)
 *(.preinit_array*)
                0x0000000008004a8c                PROVIDE (__preinit_array_end = .)
                0x0000000008004a8c                . = ALIGN (0x4)

.init_array     0x0000000008004a8c        0x4
                0x0000000008004a8c                . = ALIGN (0x4)
                0x0000000008004a8c                PROVIDE (__init_array_start = .)
 *(SORT_BY_NAME(.init_array.*))
 *(.init_array*)
 .init_array    0x0000000008004a8c        0x4 /opt/st/stm32cubeide_1.10.1/plugins/com.st.stm32cube.ide.mcu.externaltools.gnu-tools-for-stm32.10.3-2021.10.linux64_1.0.0.202111181127/tools/bin/../lib/gcc/arm-none-eabi/10.3.1/thumb/v7e-m+fp/hard/crtbegin.o
                0x0000000008004a90                PROVIDE (__init_array_end = .)
                0x0000000008004a90                . = ALIGN (0x4)

.fini_array     0x0000000008004a90        0x4
                0x0000000008004a90                . = ALIGN (0x4)
                [!provide]                        PROVIDE (__fini_array_start = .)
 *(SORT_BY_NAME(.fini_array.*))
 *(.fini_array*)
 .fini_array    0x0000000008004a90        0x4 /opt/st/stm32cubeide_1.10.1/plugins/com.st.stm32cube.ide.mcu.externaltools.gnu-tools-for-stm32.10.3-2021.10.linux64_1.0.0.202111181127/tools/bin/../lib/gcc/arm-none-eabi/10.3.1/thumb/v7e-m+fp/hard/crtbegin.o
                [!provide]                        PROVIDE (__fini_array_end = .)
                0x0000000008004a94                . = ALIGN (0x4)
                0x0000000008004a94                _sidata = LOADADDR (.data)

.data           0x0000000020000000       0x10 load address 0x0000000008004a94
                0x0000000020000000                . = ALIGN (0x4)
                0x0000000020000000                _sdata = .
 *(.data)
 *(.data*)
 .data.SystemCoreClock
                0x0000000020000000        0x4 ./Core/Src/system_stm32f4xx.o
                0x0000000020000000                SystemCoreClock
 .data.uwTickPrio
                0x0000000020000004        0x4 ./Drivers/STM32F4xx_HAL_Driver/stm32f4xx_hal.o
                0x0000000020000004                uwTickPrio
 .data.uwTickFreq
                0x0000000020000008        0x1 ./Drivers/STM32F4xx_HAL_Driver/stm32f4xx_hal.o
                0x0000000020000008                uwTickFreq
 *fill*         0x0000000020000009        0x3 
 .data.uxCriticalNesting
                0x000000002000000c        0x4 ./Middlewares/FreeRTOS/port.o
 *(.RamFunc)
 *(.RamFunc*)
                0x0000000020000010                . = ALIGN (0x4)
                0x0000000020000010                _edata = .
                0x0000000008004aa4                _siccmram = LOADADDR (.ccmram)

.igot.plt       0x0000000020000010        0x0 load address 0x0000000008004aa4
 .igot.plt      0x0000000020000010        0x0 /opt/st/stm32cubeide_1.10.1/plugins/com.st.stm32cube.ide.mcu.externaltools.gnu-tools-for-stm32.10.3-2021.10.linux64_1.0.0.202111181127/tools/bin/../lib/gcc/arm-none-eabi/10.3.1/thumb/v7e-m+fp/hard/crtbegin.o

.ccmram         0x0000000010000000        0x0 load address 0x0000000008004aa4
                0x0000000010000000                . = ALIGN (0x4)
                0x0000000010000000                _sccmram = .
 *(.ccmram)
 *(.ccmram*)
                0x0000000010000000                . = ALIGN (0x4)
                0x0000000010000000                _eccmram = .
                0x0000000010000000                . = ALIGN (0x4)

.bss            0x0000000020000010     0x49c8
                0x0000000020000010                _sbss = .
                0x0000000020000010                __bss_start__ = _sbss
 *(.bss)
 .bss           0x0000000020000010       0x1c /opt/st/stm32cubeide_1.10.1/plugins/com.st.stm32cube.ide.mcu.externaltools.gnu-tools-for-stm32.10.3-2021.10.linux64_1.0.0.202111181127/tools/bin/../lib/gcc/arm-none-eabi/10.3.1/thumb/v7e-m+fp/hard/crtbegin.o
 *(.bss*)
 .bss.LED0AHandle
                0x000000002000002c        0x4 ./Core/Src/freertos.o
                0x000000002000002c                LED0AHandle
 .bss.LED0BHandle
                0x0000000020000030        0x4 ./Core/Src/freertos.o
                0x0000000020000030                LED0BHandle
 .bss.LED1AHandle
                0x0000000020000034        0x4 ./Core/Src/freertos.o
                0x0000000020000034                LED1AHandle
 .bss.LED1BHandle
                0x0000000020000038        0x4 ./Core/Src/freertos.o
                0x0000000020000038                LED1BHandle
 .bss.htim14    0x000000002000003c       0x48 ./Core/Src/stm32f4xx_hal_timebase_tim.o
                0x000000002000003c                htim14
 .bss.uwTick    0x0000000020000084        0x4 ./Drivers/STM32F4xx_HAL_Driver/stm32f4xx_hal.o
                0x0000000020000084                uwTick
 .bss.KernelState
                0x0000000020000088        0x4 ./Middlewares/FreeRTOS/cmsis_os2.o
 .bss.Idle_TCB.3
                0x000000002000008c       0x5c ./Middlewares/FreeRTOS/cmsis_os2.o
 .bss.Idle_Stack.2
                0x00000000200000e8      0x200 ./Middlewares/FreeRTOS/cmsis_os2.o
 .bss.Timer_TCB.1
                0x00000000200002e8       0x5c ./Middlewares/FreeRTOS/cmsis_os2.o
 .bss.Timer_Stack.0
                0x0000000020000344      0x400 ./Middlewares/FreeRTOS/cmsis_os2.o
 .bss.ucHeap    0x0000000020000744     0x3c00 ./Middlewares/FreeRTOS/heap_4.o
 .bss.xStart    0x0000000020004344        0x8 ./Middlewares/FreeRTOS/heap_4.o
 .bss.pxEnd     0x000000002000434c        0x4 ./Middlewares/FreeRTOS/heap_4.o
 .bss.xFreeBytesRemaining
                0x0000000020004350        0x4 ./Middlewares/FreeRTOS/heap_4.o
 .bss.xMinimumEverFreeBytesRemaining
                0x0000000020004354        0x4 ./Middlewares/FreeRTOS/heap_4.o
 .bss.xNumberOfSuccessfulAllocations
                0x0000000020004358        0x4 ./Middlewares/FreeRTOS/heap_4.o
 .bss.xNumberOfSuccessfulFrees
                0x000000002000435c        0x4 ./Middlewares/FreeRTOS/heap_4.o
 .bss.xBlockAllocatedBit
                0x0000000020004360        0x4 ./Middlewares/FreeRTOS/heap_4.o
 .bss.ucMaxSysCallPriority
                0x0000000020004364        0x1 ./Middlewares/FreeRTOS/port.o
 *fill*         0x0000000020004365        0x3 
 .bss.ulMaxPRIGROUPValue
                0x0000000020004368        0x4 ./Middlewares/FreeRTOS/port.o
 .bss.xQueueRegistry
                0x000000002000436c       0x40 ./Middlewares/FreeRTOS/queue.o
                0x000000002000436c                xQueueRegistry
 .bss.pxCurrentTCB
                0x00000000200043ac        0x4 ./Middlewares/FreeRTOS/tasks.o
                0x00000000200043ac                pxCurrentTCB
 .bss.pxReadyTasksLists
                0x00000000200043b0      0x460 ./Middlewares/FreeRTOS/tasks.o
 .bss.xDelayedTaskList1
                0x0000000020004810       0x14 ./Middlewares/FreeRTOS/tasks.o
 .bss.xDelayedTaskList2
                0x0000000020004824       0x14 ./Middlewares/FreeRTOS/tasks.o
 .bss.pxDelayedTaskList
                0x0000000020004838        0x4 ./Middlewares/FreeRTOS/tasks.o
 .bss.pxOverflowDelayedTaskList
                0x000000002000483c        0x4 ./Middlewares/FreeRTOS/tasks.o
 .bss.xPendingReadyList
                0x0000000020004840       0x14 ./Middlewares/FreeRTOS/tasks.o
 .bss.xTasksWaitingTermination
                0x0000000020004854       0x14 ./Middlewares/FreeRTOS/tasks.o
 .bss.uxDeletedTasksWaitingCleanUp
                0x0000000020004868        0x4 ./Middlewares/FreeRTOS/tasks.o
 .bss.xSuspendedTaskList
                0x000000002000486c       0x14 ./Middlewares/FreeRTOS/tasks.o
 .bss.uxCurrentNumberOfTasks
                0x0000000020004880        0x4 ./Middlewares/FreeRTOS/tasks.o
 .bss.xTickCount
                0x0000000020004884        0x4 ./Middlewares/FreeRTOS/tasks.o
 .bss.uxTopReadyPriority
                0x0000000020004888        0x4 ./Middlewares/FreeRTOS/tasks.o
 .bss.xSchedulerRunning
                0x000000002000488c        0x4 ./Middlewares/FreeRTOS/tasks.o
 .bss.xPendedTicks
                0x0000000020004890        0x4 ./Middlewares/FreeRTOS/tasks.o
 .bss.xYieldPending
                0x0000000020004894        0x4 ./Middlewares/FreeRTOS/tasks.o
 .bss.xNumOfOverflows
                0x0000000020004898        0x4 ./Middlewares/FreeRTOS/tasks.o
 .bss.uxTaskNumber
                0x000000002000489c        0x4 ./Middlewares/FreeRTOS/tasks.o
 .bss.xNextTaskUnblockTime
                0x00000000200048a0        0x4 ./Middlewares/FreeRTOS/tasks.o
 .bss.xIdleTaskHandle
                0x00000000200048a4        0x4 ./Middlewares/FreeRTOS/tasks.o
 .bss.uxSchedulerSuspended
                0x00000000200048a8        0x4 ./Middlewares/FreeRTOS/tasks.o
 .bss.xActiveTimerList1
                0x00000000200048ac       0x14 ./Middlewares/FreeRTOS/timers.o
 .bss.xActiveTimerList2
                0x00000000200048c0       0x14 ./Middlewares/FreeRTOS/timers.o
 .bss.pxCurrentTimerList
                0x00000000200048d4        0x4 ./Middlewares/FreeRTOS/timers.o
 .bss.pxOverflowTimerList
                0x00000000200048d8        0x4 ./Middlewares/FreeRTOS/timers.o
 .bss.xTimerQueue
                0x00000000200048dc        0x4 ./Middlewares/FreeRTOS/timers.o
 .bss.xTimerTaskHandle
                0x00000000200048e0        0x4 ./Middlewares/FreeRTOS/timers.o
 .bss.xLastTime.2
                0x00000000200048e4        0x4 ./Middlewares/FreeRTOS/timers.o
 .bss.ucStaticTimerQueueStorage.1
                0x00000000200048e8       0xa0 ./Middlewares/FreeRTOS/timers.o
 .bss.xStaticTimerQueue.0
                0x0000000020004988       0x50 ./Middlewares/FreeRTOS/timers.o
 *(COMMON)
                0x00000000200049d8                . = ALIGN (0x4)
                0x00000000200049d8                _ebss = .
                0x00000000200049d8                __bss_end__ = _ebss

._user_heap_stack
                0x00000000200049d8      0x600
                0x00000000200049d8                . = ALIGN (0x8)
                [!provide]                        PROVIDE (end = .)
                0x00000000200049d8                PROVIDE (_end = .)
                0x0000000020004bd8                . = (. + _Min_Heap_Size)
 *fill*         0x00000000200049d8      0x200 
                0x0000000020004fd8                . = (. + _Min_Stack_Size)
 *fill*         0x0000000020004bd8      0x400 
                0x0000000020004fd8                . = ALIGN (0x8)

/DISCARD/
 libc.a(*)
 libm.a(*)
 libgcc.a(*)

.ARM.attributes
                0x0000000000000000       0x30
 *(.ARM.attributes)
 .ARM.attributes
                0x0000000000000000       0x1e /opt/st/stm32cubeide_1.10.1/plugins/com.st.stm32cube.ide.mcu.externaltools.gnu-tools-for-stm32.10.3-2021.10.linux64_1.0.0.202111181127/tools/bin/../lib/gcc/arm-none-eabi/10.3.1/thumb/v7e-m+fp/hard/crti.o
 .ARM.attributes
                0x000000000000001e       0x34 /opt/st/stm32cubeide_1.10.1/plugins/com.st.stm32cube.ide.mcu.externaltools.gnu-tools-for-stm32.10.3-2021.10.linux64_1.0.0.202111181127/tools/bin/../lib/gcc/arm-none-eabi/10.3.1/thumb/v7e-m+fp/hard/crtbegin.o
 .ARM.attributes
                0x0000000000000052       0x34 ./Core/Src/freertos.o
 .ARM.attributes
                0x0000000000000086       0x34 ./Core/Src/gpio.o
 .ARM.attributes
                0x00000000000000ba       0x34 ./Core/Src/main.o
 .ARM.attributes
                0x00000000000000ee       0x34 ./Core/Src/stm32f4xx_hal_msp.o
 .ARM.attributes
                0x0000000000000122       0x34 ./Core/Src/stm32f4xx_hal_timebase_tim.o
 .ARM.attributes
                0x0000000000000156       0x34 ./Core/Src/stm32f4xx_it.o
 .ARM.attributes
                0x000000000000018a       0x34 ./Core/Src/system_stm32f4xx.o
 .ARM.attributes
                0x00000000000001be       0x21 ./Core/Startup/startup_stm32f407zgtx.o
 .ARM.attributes
                0x00000000000001df       0x34 ./Drivers/STM32F4xx_HAL_Driver/stm32f4xx_hal.o
 .ARM.attributes
                0x0000000000000213       0x34 ./Drivers/STM32F4xx_HAL_Driver/stm32f4xx_hal_cortex.o
 .ARM.attributes
                0x0000000000000247       0x34 ./Drivers/STM32F4xx_HAL_Driver/stm32f4xx_hal_gpio.o
 .ARM.attributes
                0x000000000000027b       0x34 ./Drivers/STM32F4xx_HAL_Driver/stm32f4xx_hal_rcc.o
 .ARM.attributes
                0x00000000000002af       0x34 ./Drivers/STM32F4xx_HAL_Driver/stm32f4xx_hal_tim.o
 .ARM.attributes
                0x00000000000002e3       0x34 ./Drivers/STM32F4xx_HAL_Driver/stm32f4xx_hal_tim_ex.o
 .ARM.attributes
                0x0000000000000317       0x34 ./Middlewares/FreeRTOS/cmsis_os2.o
 .ARM.attributes
                0x000000000000034b       0x34 ./Middlewares/FreeRTOS/heap_4.o
 .ARM.attributes
                0x000000000000037f       0x34 ./Middlewares/FreeRTOS/list.o
 .ARM.attributes
                0x00000000000003b3       0x34 ./Middlewares/FreeRTOS/port.o
 .ARM.attributes
                0x00000000000003e7       0x34 ./Middlewares/FreeRTOS/queue.o
 .ARM.attributes
                0x000000000000041b       0x34 ./Middlewares/FreeRTOS/tasks.o
 .ARM.attributes
                0x000000000000044f       0x34 ./Middlewares/FreeRTOS/timers.o
 .ARM.attributes
                0x0000000000000483       0x34 /opt/st/stm32cubeide_1.10.1/plugins/com.st.stm32cube.ide.mcu.externaltools.gnu-tools-for-stm32.10.3-2021.10.linux64_1.0.0.202111181127/tools/bin/../lib/gcc/arm-none-eabi/10.3.1/../../../../arm-none-eabi/lib/thumb/v7e-m+fp/hard/libc_nano.a(lib_a-init.o)
 .ARM.attributes
                0x00000000000004b7       0x34 /opt/st/stm32cubeide_1.10.1/plugins/com.st.stm32cube.ide.mcu.externaltools.gnu-tools-for-stm32.10.3-2021.10.linux64_1.0.0.202111181127/tools/bin/../lib/gcc/arm-none-eabi/10.3.1/../../../../arm-none-eabi/lib/thumb/v7e-m+fp/hard/libc_nano.a(lib_a-memcpy-stub.o)
 .ARM.attributes
                0x00000000000004eb       0x34 /opt/st/stm32cubeide_1.10.1/plugins/com.st.stm32cube.ide.mcu.externaltools.gnu-tools-for-stm32.10.3-2021.10.linux64_1.0.0.202111181127/tools/bin/../lib/gcc/arm-none-eabi/10.3.1/../../../../arm-none-eabi/lib/thumb/v7e-m+fp/hard/libc_nano.a(lib_a-memset.o)
 .ARM.attributes
                0x000000000000051f       0x1e /opt/st/stm32cubeide_1.10.1/plugins/com.st.stm32cube.ide.mcu.externaltools.gnu-tools-for-stm32.10.3-2021.10.linux64_1.0.0.202111181127/tools/bin/../lib/gcc/arm-none-eabi/10.3.1/thumb/v7e-m+fp/hard/libgcc.a(_aeabi_uldivmod.o)
 .ARM.attributes
                0x000000000000053d       0x34 /opt/st/stm32cubeide_1.10.1/plugins/com.st.stm32cube.ide.mcu.externaltools.gnu-tools-for-stm32.10.3-2021.10.linux64_1.0.0.202111181127/tools/bin/../lib/gcc/arm-none-eabi/10.3.1/thumb/v7e-m+fp/hard/libgcc.a(_udivmoddi4.o)
 .ARM.attributes
                0x0000000000000571       0x1e /opt/st/stm32cubeide_1.10.1/plugins/com.st.stm32cube.ide.mcu.externaltools.gnu-tools-for-stm32.10.3-2021.10.linux64_1.0.0.202111181127/tools/bin/../lib/gcc/arm-none-eabi/10.3.1/thumb/v7e-m+fp/hard/libgcc.a(_dvmd_tls.o)
 .ARM.attributes
                0x000000000000058f       0x1e /opt/st/stm32cubeide_1.10.1/plugins/com.st.stm32cube.ide.mcu.externaltools.gnu-tools-for-stm32.10.3-2021.10.linux64_1.0.0.202111181127/tools/bin/../lib/gcc/arm-none-eabi/10.3.1/thumb/v7e-m+fp/hard/crtn.o
OUTPUT(STM32F407ZGT6-CubeMX-PlatformIO-Template.elf elf32-littlearm)
LOAD linker stubs
LOAD /opt/st/stm32cubeide_1.10.1/plugins/com.st.stm32cube.ide.mcu.externaltools.gnu-tools-for-stm32.10.3-2021.10.linux64_1.0.0.202111181127/tools/bin/../lib/gcc/arm-none-eabi/10.3.1/../../../../arm-none-eabi/lib/thumb/v7e-m+fp/hard/libc.a
LOAD /opt/st/stm32cubeide_1.10.1/plugins/com.st.stm32cube.ide.mcu.externaltools.gnu-tools-for-stm32.10.3-2021.10.linux64_1.0.0.202111181127/tools/bin/../lib/gcc/arm-none-eabi/10.3.1/../../../../arm-none-eabi/lib/thumb/v7e-m+fp/hard/libm.a
LOAD /opt/st/stm32cubeide_1.10.1/plugins/com.st.stm32cube.ide.mcu.externaltools.gnu-tools-for-stm32.10.3-2021.10.linux64_1.0.0.202111181127/tools/bin/../lib/gcc/arm-none-eabi/10.3.1/thumb/v7e-m+fp/hard/libgcc.a

.debug_info     0x0000000000000000    0x13b85
 .debug_info    0x0000000000000000      0x56f ./Core/Src/freertos.o
 .debug_info    0x000000000000056f      0x471 ./Core/Src/gpio.o
 .debug_info    0x00000000000009e0      0xb7c ./Core/Src/main.o
 .debug_info    0x000000000000155c      0x4f6 ./Core/Src/stm32f4xx_hal_msp.o
 .debug_info    0x0000000000001a52      0xc4b ./Core/Src/stm32f4xx_hal_timebase_tim.o
 .debug_info    0x000000000000269d      0x6f8 ./Core/Src/stm32f4xx_it.o
 .debug_info    0x0000000000002d95      0x523 ./Core/Src/system_stm32f4xx.o
 .debug_info    0x00000000000032b8       0x22 ./Core/Startup/startup_stm32f407zgtx.o
 .debug_info    0x00000000000032da      0x97c ./Drivers/STM32F4xx_HAL_Driver/stm32f4xx_hal.o
 .debug_info    0x0000000000003c56      0xe1b ./Drivers/STM32F4xx_HAL_Driver/stm32f4xx_hal_cortex.o
 .debug_info    0x0000000000004a71      0x76a ./Drivers/STM32F4xx_HAL_Driver/stm32f4xx_hal_gpio.o
 .debug_info    0x00000000000051db      0x966 ./Drivers/STM32F4xx_HAL_Driver/stm32f4xx_hal_rcc.o
 .debug_info    0x0000000000005b41     0x2bbe ./Drivers/STM32F4xx_HAL_Driver/stm32f4xx_hal_tim.o
 .debug_info    0x00000000000086ff     0x15e0 ./Drivers/STM32F4xx_HAL_Driver/stm32f4xx_hal_tim_ex.o
 .debug_info    0x0000000000009cdf     0x3c30 ./Middlewares/FreeRTOS/cmsis_os2.o
 .debug_info    0x000000000000d90f      0x50b ./Middlewares/FreeRTOS/heap_4.o
 .debug_info    0x000000000000de1a      0x2d1 ./Middlewares/FreeRTOS/list.o
 .debug_info    0x000000000000e0eb      0x507 ./Middlewares/FreeRTOS/port.o
 .debug_info    0x000000000000e5f2     0x1cbf ./Middlewares/FreeRTOS/queue.o
 .debug_info    0x00000000000102b1     0x2362 ./Middlewares/FreeRTOS/tasks.o
 .debug_info    0x0000000000012613     0x1572 ./Middlewares/FreeRTOS/timers.o

.debug_abbrev   0x0000000000000000     0x2db6
 .debug_abbrev  0x0000000000000000      0x190 ./Core/Src/freertos.o
 .debug_abbrev  0x0000000000000190      0x146 ./Core/Src/gpio.o
 .debug_abbrev  0x00000000000002d6      0x238 ./Core/Src/main.o
 .debug_abbrev  0x000000000000050e      0x115 ./Core/Src/stm32f4xx_hal_msp.o
 .debug_abbrev  0x0000000000000623      0x1e6 ./Core/Src/stm32f4xx_hal_timebase_tim.o
 .debug_abbrev  0x0000000000000809      0x171 ./Core/Src/stm32f4xx_it.o
 .debug_abbrev  0x000000000000097a      0x116 ./Core/Src/system_stm32f4xx.o
 .debug_abbrev  0x0000000000000a90       0x12 ./Core/Startup/startup_stm32f407zgtx.o
 .debug_abbrev  0x0000000000000aa2      0x20d ./Drivers/STM32F4xx_HAL_Driver/stm32f4xx_hal.o
 .debug_abbrev  0x0000000000000caf      0x316 ./Drivers/STM32F4xx_HAL_Driver/stm32f4xx_hal_cortex.o
 .debug_abbrev  0x0000000000000fc5      0x1c4 ./Drivers/STM32F4xx_HAL_Driver/stm32f4xx_hal_gpio.o
 .debug_abbrev  0x0000000000001189      0x2aa ./Drivers/STM32F4xx_HAL_Driver/stm32f4xx_hal_rcc.o
 .debug_abbrev  0x0000000000001433      0x25d ./Drivers/STM32F4xx_HAL_Driver/stm32f4xx_hal_tim.o
 .debug_abbrev  0x0000000000001690      0x265 ./Drivers/STM32F4xx_HAL_Driver/stm32f4xx_hal_tim_ex.o
 .debug_abbrev  0x00000000000018f5      0x500 ./Middlewares/FreeRTOS/cmsis_os2.o
 .debug_abbrev  0x0000000000001df5      0x212 ./Middlewares/FreeRTOS/heap_4.o
 .debug_abbrev  0x0000000000002007       0xf2 ./Middlewares/FreeRTOS/list.o
 .debug_abbrev  0x00000000000020f9      0x259 ./Middlewares/FreeRTOS/port.o
 .debug_abbrev  0x0000000000002352      0x3a1 ./Middlewares/FreeRTOS/queue.o
 .debug_abbrev  0x00000000000026f3      0x37d ./Middlewares/FreeRTOS/tasks.o
 .debug_abbrev  0x0000000000002a70      0x346 ./Middlewares/FreeRTOS/timers.o

.debug_aranges  0x0000000000000000     0x11c0
 .debug_aranges
                0x0000000000000000       0x40 ./Core/Src/freertos.o
 .debug_aranges
                0x0000000000000040       0x20 ./Core/Src/gpio.o
 .debug_aranges
                0x0000000000000060       0x38 ./Core/Src/main.o
 .debug_aranges
                0x0000000000000098       0x20 ./Core/Src/stm32f4xx_hal_msp.o
 .debug_aranges
                0x00000000000000b8       0x30 ./Core/Src/stm32f4xx_hal_timebase_tim.o
 .debug_aranges
                0x00000000000000e8       0x50 ./Core/Src/stm32f4xx_it.o
 .debug_aranges
                0x0000000000000138       0x28 ./Core/Src/system_stm32f4xx.o
 .debug_aranges
                0x0000000000000160       0x28 ./Core/Startup/startup_stm32f407zgtx.o
 .debug_aranges
                0x0000000000000188       0xf0 ./Drivers/STM32F4xx_HAL_Driver/stm32f4xx_hal.o
 .debug_aranges
                0x0000000000000278      0x118 ./Drivers/STM32F4xx_HAL_Driver/stm32f4xx_hal_cortex.o
 .debug_aranges
                0x0000000000000390       0x58 ./Drivers/STM32F4xx_HAL_Driver/stm32f4xx_hal_gpio.o
 .debug_aranges
                0x00000000000003e8       0x88 ./Drivers/STM32F4xx_HAL_Driver/stm32f4xx_hal_rcc.o
 .debug_aranges
                0x0000000000000470      0x3d0 ./Drivers/STM32F4xx_HAL_Driver/stm32f4xx_hal_tim.o
 .debug_aranges
                0x0000000000000840      0x168 ./Drivers/STM32F4xx_HAL_Driver/stm32f4xx_hal_tim_ex.o
 .debug_aranges
                0x00000000000009a8      0x2b0 ./Middlewares/FreeRTOS/cmsis_os2.o
 .debug_aranges
                0x0000000000000c58       0x58 ./Middlewares/FreeRTOS/heap_4.o
 .debug_aranges
                0x0000000000000cb0       0x40 ./Middlewares/FreeRTOS/list.o
 .debug_aranges
                0x0000000000000cf0       0x80 ./Middlewares/FreeRTOS/port.o
 .debug_aranges
                0x0000000000000d70      0x158 ./Middlewares/FreeRTOS/queue.o
 .debug_aranges
                0x0000000000000ec8      0x208 ./Middlewares/FreeRTOS/tasks.o
 .debug_aranges
                0x00000000000010d0       0xf0 ./Middlewares/FreeRTOS/timers.o

.debug_ranges   0x0000000000000000     0x1078
 .debug_ranges  0x0000000000000000       0x30 ./Core/Src/freertos.o
 .debug_ranges  0x0000000000000030       0x10 ./Core/Src/gpio.o
 .debug_ranges  0x0000000000000040       0x28 ./Core/Src/main.o
 .debug_ranges  0x0000000000000068       0x10 ./Core/Src/stm32f4xx_hal_msp.o
 .debug_ranges  0x0000000000000078       0x20 ./Core/Src/stm32f4xx_hal_timebase_tim.o
 .debug_ranges  0x0000000000000098       0x40 ./Core/Src/stm32f4xx_it.o
 .debug_ranges  0x00000000000000d8       0x18 ./Core/Src/system_stm32f4xx.o
 .debug_ranges  0x00000000000000f0       0x20 ./Core/Startup/startup_stm32f407zgtx.o
 .debug_ranges  0x0000000000000110       0xe0 ./Drivers/STM32F4xx_HAL_Driver/stm32f4xx_hal.o
 .debug_ranges  0x00000000000001f0      0x108 ./Drivers/STM32F4xx_HAL_Driver/stm32f4xx_hal_cortex.o
 .debug_ranges  0x00000000000002f8       0x48 ./Drivers/STM32F4xx_HAL_Driver/stm32f4xx_hal_gpio.o
 .debug_ranges  0x0000000000000340       0x78 ./Drivers/STM32F4xx_HAL_Driver/stm32f4xx_hal_rcc.o
 .debug_ranges  0x00000000000003b8      0x3c0 ./Drivers/STM32F4xx_HAL_Driver/stm32f4xx_hal_tim.o
 .debug_ranges  0x0000000000000778      0x158 ./Drivers/STM32F4xx_HAL_Driver/stm32f4xx_hal_tim_ex.o
 .debug_ranges  0x00000000000008d0      0x2a0 ./Middlewares/FreeRTOS/cmsis_os2.o
 .debug_ranges  0x0000000000000b70       0x48 ./Middlewares/FreeRTOS/heap_4.o
 .debug_ranges  0x0000000000000bb8       0x30 ./Middlewares/FreeRTOS/list.o
 .debug_ranges  0x0000000000000be8       0x70 ./Middlewares/FreeRTOS/port.o
 .debug_ranges  0x0000000000000c58      0x148 ./Middlewares/FreeRTOS/queue.o
 .debug_ranges  0x0000000000000da0      0x1f8 ./Middlewares/FreeRTOS/tasks.o
 .debug_ranges  0x0000000000000f98       0xe0 ./Middlewares/FreeRTOS/timers.o

.debug_macro    0x0000000000000000    0x22259
 .debug_macro   0x0000000000000000      0x25d ./Core/Src/freertos.o
 .debug_macro   0x000000000000025d      0xa78 ./Core/Src/freertos.o
 .debug_macro   0x0000000000000cd5      0x174 ./Core/Src/freertos.o
 .debug_macro   0x0000000000000e49       0x22 ./Core/Src/freertos.o
 .debug_macro   0x0000000000000e6b       0x8e ./Core/Src/freertos.o
 .debug_macro   0x0000000000000ef9       0x51 ./Core/Src/freertos.o
 .debug_macro   0x0000000000000f4a      0x103 ./Core/Src/freertos.o
 .debug_macro   0x000000000000104d       0x6a ./Core/Src/freertos.o
 .debug_macro   0x00000000000010b7      0x1df ./Core/Src/freertos.o
 .debug_macro   0x0000000000001296      0x169 ./Core/Src/freertos.o
 .debug_macro   0x00000000000013ff      0x15a ./Core/Src/freertos.o
 .debug_macro   0x0000000000001559       0xc9 ./Core/Src/freertos.o
 .debug_macro   0x0000000000001622       0x1c ./Core/Src/freertos.o
 .debug_macro   0x000000000000163e       0x26 ./Core/Src/freertos.o
 .debug_macro   0x0000000000001664      0x4c5 ./Core/Src/freertos.o
 .debug_macro   0x0000000000001b29       0xb5 ./Core/Src/freertos.o
 .debug_macro   0x0000000000001bde       0xaa ./Core/Src/freertos.o
 .debug_macro   0x0000000000001c88      0x295 ./Core/Src/freertos.o
 .debug_macro   0x0000000000001f1d       0x2e ./Core/Src/freertos.o
 .debug_macro   0x0000000000001f4b       0x2f ./Core/Src/freertos.o
 .debug_macro   0x0000000000001f7a       0x1c ./Core/Src/freertos.o
 .debug_macro   0x0000000000001f96       0x22 ./Core/Src/freertos.o
 .debug_macro   0x0000000000001fb8       0xd9 ./Core/Src/freertos.o
 .debug_macro   0x0000000000002091     0x102d ./Core/Src/freertos.o
 .debug_macro   0x00000000000030be      0x11f ./Core/Src/freertos.o
 .debug_macro   0x00000000000031dd    0x15e82 ./Core/Src/freertos.o
 .debug_macro   0x000000000001905f       0x6d ./Core/Src/freertos.o
 .debug_macro   0x00000000000190cc     0x367e ./Core/Src/freertos.o
 .debug_macro   0x000000000001c74a       0x5c ./Core/Src/freertos.o
 .debug_macro   0x000000000001c7a6      0x96b ./Core/Src/freertos.o
 .debug_macro   0x000000000001d111      0x9fe ./Core/Src/freertos.o
 .debug_macro   0x000000000001db0f      0x115 ./Core/Src/freertos.o
 .debug_macro   0x000000000001dc24      0x13e ./Core/Src/freertos.o
 .debug_macro   0x000000000001dd62       0xa5 ./Core/Src/freertos.o
 .debug_macro   0x000000000001de07      0x174 ./Core/Src/freertos.o
 .debug_macro   0x000000000001df7b      0x287 ./Core/Src/freertos.o
 .debug_macro   0x000000000001e202       0x5f ./Core/Src/freertos.o
 .debug_macro   0x000000000001e261      0x236 ./Core/Src/freertos.o
 .debug_macro   0x000000000001e497      0x12c ./Core/Src/freertos.o
 .debug_macro   0x000000000001e5c3      0x21e ./Core/Src/freertos.o
 .debug_macro   0x000000000001e7e1       0x2e ./Core/Src/freertos.o
 .debug_macro   0x000000000001e80f      0x11a ./Core/Src/freertos.o
 .debug_macro   0x000000000001e929       0x7e ./Core/Src/freertos.o
 .debug_macro   0x000000000001e9a7       0x89 ./Core/Src/freertos.o
 .debug_macro   0x000000000001ea30      0x8e6 ./Core/Src/freertos.o
 .debug_macro   0x000000000001f316       0x47 ./Core/Src/freertos.o
 .debug_macro   0x000000000001f35d      0x12d ./Core/Src/freertos.o
 .debug_macro   0x000000000001f48a       0x1c ./Core/Src/freertos.o
 .debug_macro   0x000000000001f4a6       0x6c ./Core/Src/freertos.o
 .debug_macro   0x000000000001f512       0x74 ./Core/Src/freertos.o
 .debug_macro   0x000000000001f586       0xdd ./Core/Src/freertos.o
 .debug_macro   0x000000000001f663      0x1dd ./Core/Src/gpio.o
 .debug_macro   0x000000000001f840      0x271 ./Core/Src/main.o
 .debug_macro   0x000000000001fab1      0x169 ./Core/Src/main.o
 .debug_macro   0x000000000001fc1a       0x66 ./Core/Src/main.o
 .debug_macro   0x000000000001fc80      0x1d3 ./Core/Src/stm32f4xx_hal_msp.o
 .debug_macro   0x000000000001fe53      0x1c4 ./Core/Src/stm32f4xx_hal_timebase_tim.o
 .debug_macro   0x0000000000020017      0x1dd ./Core/Src/stm32f4xx_it.o
 .debug_macro   0x00000000000201f4      0x1c4 ./Core/Src/system_stm32f4xx.o
 .debug_macro   0x00000000000203b8      0x224 ./Drivers/STM32F4xx_HAL_Driver/stm32f4xx_hal.o
 .debug_macro   0x00000000000205dc      0x1c4 ./Drivers/STM32F4xx_HAL_Driver/stm32f4xx_hal_cortex.o
 .debug_macro   0x00000000000207a0      0x1ca ./Drivers/STM32F4xx_HAL_Driver/stm32f4xx_hal_gpio.o
 .debug_macro   0x000000000002096a      0x1e8 ./Drivers/STM32F4xx_HAL_Driver/stm32f4xx_hal_rcc.o
 .debug_macro   0x0000000000020b52      0x1c5 ./Drivers/STM32F4xx_HAL_Driver/stm32f4xx_hal_tim.o
 .debug_macro   0x0000000000020d17      0x1c4 ./Drivers/STM32F4xx_HAL_Driver/stm32f4xx_hal_tim_ex.o
 .debug_macro   0x0000000000020edb      0x3bb ./Middlewares/FreeRTOS/cmsis_os2.o
 .debug_macro   0x0000000000021296       0x10 ./Middlewares/FreeRTOS/cmsis_os2.o
 .debug_macro   0x00000000000212a6       0x20 ./Middlewares/FreeRTOS/cmsis_os2.o
 .debug_macro   0x00000000000212c6       0x10 ./Middlewares/FreeRTOS/cmsis_os2.o
 .debug_macro   0x00000000000212d6       0xd3 ./Middlewares/FreeRTOS/cmsis_os2.o
 .debug_macro   0x00000000000213a9       0x91 ./Middlewares/FreeRTOS/cmsis_os2.o
 .debug_macro   0x000000000002143a       0x8d ./Middlewares/FreeRTOS/cmsis_os2.o
 .debug_macro   0x00000000000214c7       0x9a ./Middlewares/FreeRTOS/cmsis_os2.o
 .debug_macro   0x0000000000021561       0x22 ./Middlewares/FreeRTOS/cmsis_os2.o
 .debug_macro   0x0000000000021583       0x56 ./Middlewares/FreeRTOS/cmsis_os2.o
 .debug_macro   0x00000000000215d9      0x1ae ./Middlewares/FreeRTOS/heap_4.o
 .debug_macro   0x0000000000021787      0x187 ./Middlewares/FreeRTOS/list.o
 .debug_macro   0x000000000002190e      0x196 ./Middlewares/FreeRTOS/port.o
 .debug_macro   0x0000000000021aa4      0x216 ./Middlewares/FreeRTOS/queue.o
 .debug_macro   0x0000000000021cba       0x16 ./Middlewares/FreeRTOS/queue.o
 .debug_macro   0x0000000000021cd0       0x87 ./Middlewares/FreeRTOS/queue.o
 .debug_macro   0x0000000000021d57      0x27f ./Middlewares/FreeRTOS/tasks.o
 .debug_macro   0x0000000000021fd6       0x10 ./Middlewares/FreeRTOS/tasks.o
 .debug_macro   0x0000000000021fe6      0x1dc ./Middlewares/FreeRTOS/timers.o
 .debug_macro   0x00000000000221c2       0x97 ./Middlewares/FreeRTOS/timers.o

.debug_line     0x0000000000000000    0x13fa0
 .debug_line    0x0000000000000000      0x9fc ./Core/Src/freertos.o
 .debug_line    0x00000000000009fc      0x76f ./Core/Src/gpio.o
 .debug_line    0x000000000000116b      0x9fc ./Core/Src/main.o
 .debug_line    0x0000000000001b67      0x760 ./Core/Src/stm32f4xx_hal_msp.o
 .debug_line    0x00000000000022c7      0x7d9 ./Core/Src/stm32f4xx_hal_timebase_tim.o
 .debug_line    0x0000000000002aa0      0x7fc ./Core/Src/stm32f4xx_it.o
 .debug_line    0x000000000000329c      0x7e1 ./Core/Src/system_stm32f4xx.o
 .debug_line    0x0000000000003a7d       0x88 ./Core/Startup/startup_stm32f407zgtx.o
 .debug_line    0x0000000000003b05      0xa7f ./Drivers/STM32F4xx_HAL_Driver/stm32f4xx_hal.o
 .debug_line    0x0000000000004584      0xd2e ./Drivers/STM32F4xx_HAL_Driver/stm32f4xx_hal_cortex.o
 .debug_line    0x00000000000052b2      0xbf3 ./Drivers/STM32F4xx_HAL_Driver/stm32f4xx_hal_gpio.o
 .debug_line    0x0000000000005ea5      0xdf9 ./Drivers/STM32F4xx_HAL_Driver/stm32f4xx_hal_rcc.o
 .debug_line    0x0000000000006c9e     0x3773 ./Drivers/STM32F4xx_HAL_Driver/stm32f4xx_hal_tim.o
 .debug_line    0x000000000000a411     0x1a7c ./Drivers/STM32F4xx_HAL_Driver/stm32f4xx_hal_tim_ex.o
 .debug_line    0x000000000000be8d     0x24f8 ./Middlewares/FreeRTOS/cmsis_os2.o
 .debug_line    0x000000000000e385      0x9a2 ./Middlewares/FreeRTOS/heap_4.o
 .debug_line    0x000000000000ed27      0x778 ./Middlewares/FreeRTOS/list.o
 .debug_line    0x000000000000f49f      0x7f0 ./Middlewares/FreeRTOS/port.o
 .debug_line    0x000000000000fc8f     0x1742 ./Middlewares/FreeRTOS/queue.o
 .debug_line    0x00000000000113d1     0x1df7 ./Middlewares/FreeRTOS/tasks.o
 .debug_line    0x00000000000131c8      0xdd8 ./Middlewares/FreeRTOS/timers.o

.debug_str      0x0000000000000000    0xd21fb
 .debug_str     0x0000000000000000    0xc65c8 ./Core/Src/freertos.o
                                      0xc687e (size before relaxing)
 .debug_str     0x00000000000c65c8      0x1aa ./Core/Src/gpio.o
                                      0xc1b13 (size before relaxing)
 .debug_str     0x00000000000c6772      0x6b4 ./Core/Src/main.o
                                      0xc6b51 (size before relaxing)
 .debug_str     0x00000000000c6e26      0x51c ./Core/Src/stm32f4xx_hal_msp.o
                                      0xc1f55 (size before relaxing)
 .debug_str     0x00000000000c7342      0x11b ./Core/Src/stm32f4xx_hal_timebase_tim.o
                                      0xc259d (size before relaxing)
 .debug_str     0x00000000000c745d       0xc3 ./Core/Src/stm32f4xx_it.o
                                      0xc1f04 (size before relaxing)
 .debug_str     0x00000000000c7520       0xdb ./Core/Src/system_stm32f4xx.o
                                      0xc1aa5 (size before relaxing)
 .debug_str     0x00000000000c75fb       0x36 ./Core/Startup/startup_stm32f407zgtx.o
                                         0x7a (size before relaxing)
 .debug_str     0x00000000000c7631      0x60b ./Drivers/STM32F4xx_HAL_Driver/stm32f4xx_hal.o
                                      0xc2661 (size before relaxing)
 .debug_str     0x00000000000c7c3c      0x369 ./Drivers/STM32F4xx_HAL_Driver/stm32f4xx_hal_cortex.o
                                      0xc2394 (size before relaxing)
 .debug_str     0x00000000000c7fa5      0x156 ./Drivers/STM32F4xx_HAL_Driver/stm32f4xx_hal_gpio.o
                                      0xc1c58 (size before relaxing)
 .debug_str     0x00000000000c80fb      0x235 ./Drivers/STM32F4xx_HAL_Driver/stm32f4xx_hal_rcc.o
                                      0xc1f11 (size before relaxing)
 .debug_str     0x00000000000c8330      0xea1 ./Drivers/STM32F4xx_HAL_Driver/stm32f4xx_hal_tim.o
                                      0xc2e57 (size before relaxing)
 .debug_str     0x00000000000c91d1      0x53b ./Drivers/STM32F4xx_HAL_Driver/stm32f4xx_hal_tim_ex.o
                                      0xc2673 (size before relaxing)
 .debug_str     0x00000000000c970c     0x5e45 ./Middlewares/FreeRTOS/cmsis_os2.o
                                      0xcc3d0 (size before relaxing)
 .debug_str     0x00000000000cf551      0x4ad ./Middlewares/FreeRTOS/heap_4.o
                                       0xafe8 (size before relaxing)
 .debug_str     0x00000000000cf9fe      0x15a ./Middlewares/FreeRTOS/list.o
                                       0xa6a6 (size before relaxing)
 .debug_str     0x00000000000cfb58      0x856 ./Middlewares/FreeRTOS/port.o
                                       0x8617 (size before relaxing)
 .debug_str     0x00000000000d03ae      0x850 ./Middlewares/FreeRTOS/queue.o
                                       0xc1e6 (size before relaxing)
 .debug_str     0x00000000000d0bfe     0x101f ./Middlewares/FreeRTOS/tasks.o
                                       0xcca3 (size before relaxing)
 .debug_str     0x00000000000d1c1d      0x5de ./Middlewares/FreeRTOS/timers.o
                                       0xc718 (size before relaxing)

.comment        0x0000000000000000       0x50
 .comment       0x0000000000000000       0x50 ./Core/Src/freertos.o
                                         0x51 (size before relaxing)
 .comment       0x0000000000000050       0x51 ./Core/Src/gpio.o
 .comment       0x0000000000000050       0x51 ./Core/Src/main.o
 .comment       0x0000000000000050       0x51 ./Core/Src/stm32f4xx_hal_msp.o
 .comment       0x0000000000000050       0x51 ./Core/Src/stm32f4xx_hal_timebase_tim.o
 .comment       0x0000000000000050       0x51 ./Core/Src/stm32f4xx_it.o
 .comment       0x0000000000000050       0x51 ./Core/Src/system_stm32f4xx.o
 .comment       0x0000000000000050       0x51 ./Drivers/STM32F4xx_HAL_Driver/stm32f4xx_hal.o
 .comment       0x0000000000000050       0x51 ./Drivers/STM32F4xx_HAL_Driver/stm32f4xx_hal_cortex.o
 .comment       0x0000000000000050       0x51 ./Drivers/STM32F4xx_HAL_Driver/stm32f4xx_hal_gpio.o
 .comment       0x0000000000000050       0x51 ./Drivers/STM32F4xx_HAL_Driver/stm32f4xx_hal_rcc.o
 .comment       0x0000000000000050       0x51 ./Drivers/STM32F4xx_HAL_Driver/stm32f4xx_hal_tim.o
 .comment       0x0000000000000050       0x51 ./Drivers/STM32F4xx_HAL_Driver/stm32f4xx_hal_tim_ex.o
 .comment       0x0000000000000050       0x51 ./Middlewares/FreeRTOS/cmsis_os2.o
 .comment       0x0000000000000050       0x51 ./Middlewares/FreeRTOS/heap_4.o
 .comment       0x0000000000000050       0x51 ./Middlewares/FreeRTOS/list.o
 .comment       0x0000000000000050       0x51 ./Middlewares/FreeRTOS/port.o
 .comment       0x0000000000000050       0x51 ./Middlewares/FreeRTOS/queue.o
 .comment       0x0000000000000050       0x51 ./Middlewares/FreeRTOS/tasks.o
 .comment       0x0000000000000050       0x51 ./Middlewares/FreeRTOS/timers.o

.debug_frame    0x0000000000000000     0x49b8
 .debug_frame   0x0000000000000000       0xac ./Core/Src/freertos.o
 .debug_frame   0x00000000000000ac       0x34 ./Core/Src/gpio.o
 .debug_frame   0x00000000000000e0       0x8c ./Core/Src/main.o
 .debug_frame   0x000000000000016c       0x34 ./Core/Src/stm32f4xx_hal_msp.o
 .debug_frame   0x00000000000001a0       0x74 ./Core/Src/stm32f4xx_hal_timebase_tim.o
 .debug_frame   0x0000000000000214       0xc4 ./Core/Src/stm32f4xx_it.o
 .debug_frame   0x00000000000002d8       0x58 ./Core/Src/system_stm32f4xx.o
 .debug_frame   0x0000000000000330      0x374 ./Drivers/STM32F4xx_HAL_Driver/stm32f4xx_hal.o
 .debug_frame   0x00000000000006a4      0x498 ./Drivers/STM32F4xx_HAL_Driver/stm32f4xx_hal_cortex.o
 .debug_frame   0x0000000000000b3c      0x14c ./Drivers/STM32F4xx_HAL_Driver/stm32f4xx_hal_gpio.o
 .debug_frame   0x0000000000000c88      0x1f4 ./Drivers/STM32F4xx_HAL_Driver/stm32f4xx_hal_rcc.o
 .debug_frame   0x0000000000000e7c     0x11c4 ./Drivers/STM32F4xx_HAL_Driver/stm32f4xx_hal_tim.o
 .debug_frame   0x0000000000002040      0x638 ./Drivers/STM32F4xx_HAL_Driver/stm32f4xx_hal_tim_ex.o
 .debug_frame   0x0000000000002678      0xbe4 ./Middlewares/FreeRTOS/cmsis_os2.o
 .debug_frame   0x000000000000325c      0x12c ./Middlewares/FreeRTOS/heap_4.o
 .debug_frame   0x0000000000003388       0xd8 ./Middlewares/FreeRTOS/list.o
 .debug_frame   0x0000000000003460      0x1a8 ./Middlewares/FreeRTOS/port.o
 .debug_frame   0x0000000000003608      0x5ec ./Middlewares/FreeRTOS/queue.o
 .debug_frame   0x0000000000003bf4      0x8f0 ./Middlewares/FreeRTOS/tasks.o
 .debug_frame   0x00000000000044e4      0x400 ./Middlewares/FreeRTOS/timers.o
 .debug_frame   0x00000000000048e4       0x2c /opt/st/stm32cubeide_1.10.1/plugins/com.st.stm32cube.ide.mcu.externaltools.gnu-tools-for-stm32.10.3-2021.10.linux64_1.0.0.202111181127/tools/bin/../lib/gcc/arm-none-eabi/10.3.1/../../../../arm-none-eabi/lib/thumb/v7e-m+fp/hard/libc_nano.a(lib_a-init.o)
 .debug_frame   0x0000000000004910       0x28 /opt/st/stm32cubeide_1.10.1/plugins/com.st.stm32cube.ide.mcu.externaltools.gnu-tools-for-stm32.10.3-2021.10.linux64_1.0.0.202111181127/tools/bin/../lib/gcc/arm-none-eabi/10.3.1/../../../../arm-none-eabi/lib/thumb/v7e-m+fp/hard/libc_nano.a(lib_a-memcpy-stub.o)
 .debug_frame   0x0000000000004938       0x20 /opt/st/stm32cubeide_1.10.1/plugins/com.st.stm32cube.ide.mcu.externaltools.gnu-tools-for-stm32.10.3-2021.10.linux64_1.0.0.202111181127/tools/bin/../lib/gcc/arm-none-eabi/10.3.1/../../../../arm-none-eabi/lib/thumb/v7e-m+fp/hard/libc_nano.a(lib_a-memset.o)
 .debug_frame   0x0000000000004958       0x2c /opt/st/stm32cubeide_1.10.1/plugins/com.st.stm32cube.ide.mcu.externaltools.gnu-tools-for-stm32.10.3-2021.10.linux64_1.0.0.202111181127/tools/bin/../lib/gcc/arm-none-eabi/10.3.1/thumb/v7e-m+fp/hard/libgcc.a(_aeabi_uldivmod.o)
 .debug_frame   0x0000000000004984       0x34 /opt/st/stm32cubeide_1.10.1/plugins/com.st.stm32cube.ide.mcu.externaltools.gnu-tools-for-stm32.10.3-2021.10.linux64_1.0.0.202111181127/tools/bin/../lib/gcc/arm-none-eabi/10.3.1/thumb/v7e-m+fp/hard/libgcc.a(_udivmoddi4.o)
